Archive member included to satisfy reference by file (symbol)

c:/program files/stmicroelectronics/stm32cube/stm32cubeide_1.8.0/stm32cubeide/plugins/com.st.stm32cube.ide.mcu.externaltools.gnu-tools-for-stm32.9-2020-q2-update.win32_2.0.0.202105311346/tools/bin/../lib/gcc/arm-none-eabi/9.3.1/../../../../arm-none-eabi/lib/thumb/v7-m/nofp\libm.a(lib_a-w_atan2.o)
                              ./Core/Src/MPU9250/MPU9250-DMP.o (atan2)
c:/program files/stmicroelectronics/stm32cube/stm32cubeide_1.8.0/stm32cubeide/plugins/com.st.stm32cube.ide.mcu.externaltools.gnu-tools-for-stm32.9-2020-q2-update.win32_2.0.0.202105311346/tools/bin/../lib/gcc/arm-none-eabi/9.3.1/../../../../arm-none-eabi/lib/thumb/v7-m/nofp\libm.a(lib_a-wf_asin.o)
                              ./Core/Src/main.o (asinf)
c:/program files/stmicroelectronics/stm32cube/stm32cubeide_1.8.0/stm32cubeide/plugins/com.st.stm32cube.ide.mcu.externaltools.gnu-tools-for-stm32.9-2020-q2-update.win32_2.0.0.202105311346/tools/bin/../lib/gcc/arm-none-eabi/9.3.1/../../../../arm-none-eabi/lib/thumb/v7-m/nofp\libm.a(lib_a-wf_atan2.o)
                              ./Core/Src/main.o (atan2f)
c:/program files/stmicroelectronics/stm32cube/stm32cubeide_1.8.0/stm32cubeide/plugins/com.st.stm32cube.ide.mcu.externaltools.gnu-tools-for-stm32.9-2020-q2-update.win32_2.0.0.202105311346/tools/bin/../lib/gcc/arm-none-eabi/9.3.1/../../../../arm-none-eabi/lib/thumb/v7-m/nofp\libm.a(lib_a-e_atan2.o)
                              c:/program files/stmicroelectronics/stm32cube/stm32cubeide_1.8.0/stm32cubeide/plugins/com.st.stm32cube.ide.mcu.externaltools.gnu-tools-for-stm32.9-2020-q2-update.win32_2.0.0.202105311346/tools/bin/../lib/gcc/arm-none-eabi/9.3.1/../../../../arm-none-eabi/lib/thumb/v7-m/nofp\libm.a(lib_a-w_atan2.o) (__ieee754_atan2)
c:/program files/stmicroelectronics/stm32cube/stm32cubeide_1.8.0/stm32cubeide/plugins/com.st.stm32cube.ide.mcu.externaltools.gnu-tools-for-stm32.9-2020-q2-update.win32_2.0.0.202105311346/tools/bin/../lib/gcc/arm-none-eabi/9.3.1/../../../../arm-none-eabi/lib/thumb/v7-m/nofp\libm.a(lib_a-ef_asin.o)
                              c:/program files/stmicroelectronics/stm32cube/stm32cubeide_1.8.0/stm32cubeide/plugins/com.st.stm32cube.ide.mcu.externaltools.gnu-tools-for-stm32.9-2020-q2-update.win32_2.0.0.202105311346/tools/bin/../lib/gcc/arm-none-eabi/9.3.1/../../../../arm-none-eabi/lib/thumb/v7-m/nofp\libm.a(lib_a-wf_asin.o) (__ieee754_asinf)
c:/program files/stmicroelectronics/stm32cube/stm32cubeide_1.8.0/stm32cubeide/plugins/com.st.stm32cube.ide.mcu.externaltools.gnu-tools-for-stm32.9-2020-q2-update.win32_2.0.0.202105311346/tools/bin/../lib/gcc/arm-none-eabi/9.3.1/../../../../arm-none-eabi/lib/thumb/v7-m/nofp\libm.a(lib_a-ef_atan2.o)
                              c:/program files/stmicroelectronics/stm32cube/stm32cubeide_1.8.0/stm32cubeide/plugins/com.st.stm32cube.ide.mcu.externaltools.gnu-tools-for-stm32.9-2020-q2-update.win32_2.0.0.202105311346/tools/bin/../lib/gcc/arm-none-eabi/9.3.1/../../../../arm-none-eabi/lib/thumb/v7-m/nofp\libm.a(lib_a-wf_atan2.o) (__ieee754_atan2f)
c:/program files/stmicroelectronics/stm32cube/stm32cubeide_1.8.0/stm32cubeide/plugins/com.st.stm32cube.ide.mcu.externaltools.gnu-tools-for-stm32.9-2020-q2-update.win32_2.0.0.202105311346/tools/bin/../lib/gcc/arm-none-eabi/9.3.1/../../../../arm-none-eabi/lib/thumb/v7-m/nofp\libm.a(lib_a-ef_sqrt.o)
                              c:/program files/stmicroelectronics/stm32cube/stm32cubeide_1.8.0/stm32cubeide/plugins/com.st.stm32cube.ide.mcu.externaltools.gnu-tools-for-stm32.9-2020-q2-update.win32_2.0.0.202105311346/tools/bin/../lib/gcc/arm-none-eabi/9.3.1/../../../../arm-none-eabi/lib/thumb/v7-m/nofp\libm.a(lib_a-ef_asin.o) (__ieee754_sqrtf)
c:/program files/stmicroelectronics/stm32cube/stm32cubeide_1.8.0/stm32cubeide/plugins/com.st.stm32cube.ide.mcu.externaltools.gnu-tools-for-stm32.9-2020-q2-update.win32_2.0.0.202105311346/tools/bin/../lib/gcc/arm-none-eabi/9.3.1/../../../../arm-none-eabi/lib/thumb/v7-m/nofp\libm.a(lib_a-s_atan.o)
                              c:/program files/stmicroelectronics/stm32cube/stm32cubeide_1.8.0/stm32cubeide/plugins/com.st.stm32cube.ide.mcu.externaltools.gnu-tools-for-stm32.9-2020-q2-update.win32_2.0.0.202105311346/tools/bin/../lib/gcc/arm-none-eabi/9.3.1/../../../../arm-none-eabi/lib/thumb/v7-m/nofp\libm.a(lib_a-e_atan2.o) (atan)
c:/program files/stmicroelectronics/stm32cube/stm32cubeide_1.8.0/stm32cubeide/plugins/com.st.stm32cube.ide.mcu.externaltools.gnu-tools-for-stm32.9-2020-q2-update.win32_2.0.0.202105311346/tools/bin/../lib/gcc/arm-none-eabi/9.3.1/../../../../arm-none-eabi/lib/thumb/v7-m/nofp\libm.a(lib_a-s_fabs.o)
                              c:/program files/stmicroelectronics/stm32cube/stm32cubeide_1.8.0/stm32cubeide/plugins/com.st.stm32cube.ide.mcu.externaltools.gnu-tools-for-stm32.9-2020-q2-update.win32_2.0.0.202105311346/tools/bin/../lib/gcc/arm-none-eabi/9.3.1/../../../../arm-none-eabi/lib/thumb/v7-m/nofp\libm.a(lib_a-e_atan2.o) (fabs)
[...]
Memory Configuration

Name             Origin             Length             Attributes
RAM              0x0000000020000000 0x0000000000005000 xrw
FLASH            0x0000000008000000 0x0000000000010000 xr
*default*        0x0000000000000000 0xffffffffffffffff

Linker script and memory map

LOAD c:/program files/stmicroelectronics/stm32cube/stm32cubeide_1.8.0/stm32cubeide/plugins/com.st.stm32cube.ide.mcu.externaltools.gnu-tools-for-stm32.9-2020-q2-update.win32_2.0.0.202105311346/tools/bin/../lib/gcc/arm-none-eabi/9.3.1/thumb/v7-m/nofp/crti.o
LOAD c:/program files/stmicroelectronics/stm32cube/stm32cubeide_1.8.0/stm32cubeide/plugins/com.st.stm32cube.ide.mcu.externaltools.gnu-tools-for-stm32.9-2020-q2-update.win32_2.0.0.202105311346/tools/bin/../lib/gcc/arm-none-eabi/9.3.1/thumb/v7-m/nofp/crtbegin.o
LOAD c:/program files/stmicroelectronics/stm32cube/stm32cubeide_1.8.0/stm32cubeide/plugins/com.st.stm32cube.ide.mcu.externaltools.gnu-tools-for-stm32.9-2020-q2-update.win32_2.0.0.202105311346/tools/bin/../lib/gcc/arm-none-eabi/9.3.1/../../../../arm-none-eabi/lib/thumb/v7-m/nofp/crt0.o
LOAD ./Core/Src/I2C.o
LOAD ./Core/Src/main.o
LOAD ./Core/Src/stm32f1xx_hal_msp.o
LOAD ./Core/Src/stm32f1xx_it.o
LOAD ./Core/Src/syscalls.o
LOAD ./Core/Src/sysmem.o
LOAD ./Core/Src/system_stm32f1xx.o
LOAD ./Core/Src/MPU9250/MPU9250-DMP.o
LOAD ./Core/Src/MPU9250/inv_mpu.o
LOAD ./Core/Src/MPU9250/inv_mpu_dmp_motion_driver.o
LOAD ./Core/Startup/startup_stm32f103c8tx.o
LOAD ./Drivers/STM32F1xx_HAL_Driver/Src/stm32f1xx_hal.o
LOAD ./Drivers/STM32F1xx_HAL_Driver/Src/stm32f1xx_hal_can.o
LOAD ./Drivers/STM32F1xx_HAL_Driver/Src/stm32f1xx_hal_cortex.o
LOAD ./Drivers/STM32F1xx_HAL_Driver/Src/stm32f1xx_hal_dma.o
LOAD ./Drivers/STM32F1xx_HAL_Driver/Src/stm32f1xx_hal_exti.o
LOAD ./Drivers/STM32F1xx_HAL_Driver/Src/stm32f1xx_hal_flash.o
LOAD ./Drivers/STM32F1xx_HAL_Driver/Src/stm32f1xx_hal_flash_ex.o
LOAD ./Drivers/STM32F1xx_HAL_Driver/Src/stm32f1xx_hal_gpio.o
LOAD ./Drivers/STM32F1xx_HAL_Driver/Src/stm32f1xx_hal_gpio_ex.o
LOAD ./Drivers/STM32F1xx_HAL_Driver/Src/stm32f1xx_hal_i2c.o
LOAD ./Drivers/STM32F1xx_HAL_Driver/Src/stm32f1xx_hal_pwr.o
LOAD ./Drivers/STM32F1xx_HAL_Driver/Src/stm32f1xx_hal_rcc.o
LOAD ./Drivers/STM32F1xx_HAL_Driver/Src/stm32f1xx_hal_rcc_ex.o
LOAD ./Drivers/STM32F1xx_HAL_Driver/Src/stm32f1xx_hal_tim.o
LOAD ./Drivers/STM32F1xx_HAL_Driver/Src/stm32f1xx_hal_tim_ex.o
START GROUP
LOAD c:/program files/stmicroelectronics/stm32cube/stm32cubeide_1.8.0/stm32cubeide/plugins/com.st.stm32cube.ide.mcu.externaltools.gnu-tools-for-stm32.9-2020-q2-update.win32_2.0.0.202105311346/tools/bin/../lib/gcc/arm-none-eabi/9.3.1/../../../../arm-none-eabi/lib/thumb/v7-m/nofp\libstdc++_nano.a
LOAD c:/program files/stmicroelectronics/stm32cube/stm32cubeide_1.8.0/stm32cubeide/plugins/com.st.stm32cube.ide.mcu.externaltools.gnu-tools-for-stm32.9-2020-q2-update.win32_2.0.0.202105311346/tools/bin/../lib/gcc/arm-none-eabi/9.3.1/../../../../arm-none-eabi/lib/thumb/v7-m/nofp\libsupc++_nano.a
END GROUP
LOAD c:/program files/stmicroelectronics/stm32cube/stm32cubeide_1.8.0/stm32cubeide/plugins/com.st.stm32cube.ide.mcu.externaltools.gnu-tools-for-stm32.9-2020-q2-update.win32_2.0.0.202105311346/tools/bin/../lib/gcc/arm-none-eabi/9.3.1/../../../../arm-none-eabi/lib/thumb/v7-m/nofp\libstdc++_nano.a
LOAD c:/program files/stmicroelectronics/stm32cube/stm32cubeide_1.8.0/stm32cubeide/plugins/com.st.stm32cube.ide.mcu.externaltools.gnu-tools-for-stm32.9-2020-q2-update.win32_2.0.0.202105311346/tools/bin/../lib/gcc/arm-none-eabi/9.3.1/../../../../arm-none-eabi/lib/thumb/v7-m/nofp\libm.a
LOAD c:/program files/stmicroelectronics/stm32cube/stm32cubeide_1.8.0/stm32cubeide/plugins/com.st.stm32cube.ide.mcu.externaltools.gnu-tools-for-stm32.9-2020-q2-update.win32_2.0.0.202105311346/tools/bin/../lib/gcc/arm-none-eabi/9.3.1/../../../../arm-none-eabi/lib/thumb/v7-m/nofp\libc_nano.a
START GROUP
LOAD c:/program files/stmicroelectronics/stm32cube/stm32cubeide_1.8.0/stm32cubeide/plugins/com.st.stm32cube.ide.mcu.externaltools.gnu-tools-for-stm32.9-2020-q2-update.win32_2.0.0.202105311346/tools/bin/../lib/gcc/arm-none-eabi/9.3.1/thumb/v7-m/nofp\libgcc.a
LOAD c:/program files/stmicroelectronics/stm32cube/stm32cubeide_1.8.0/stm32cubeide/plugins/com.st.stm32cube.ide.mcu.externaltools.gnu-tools-for-stm32.9-2020-q2-update.win32_2.0.0.202105311346/tools/bin/../lib/gcc/arm-none-eabi/9.3.1/../../../../arm-none-eabi/lib/thumb/v7-m/nofp\libc_nano.a
END GROUP
START GROUP
LOAD c:/program files/stmicroelectronics/stm32cube/stm32cubeide_1.8.0/stm32cubeide/plugins/com.st.stm32cube.ide.mcu.externaltools.gnu-tools-for-stm32.9-2020-q2-update.win32_2.0.0.202105311346/tools/bin/../lib/gcc/arm-none-eabi/9.3.1/thumb/v7-m/nofp\libgcc.a
LOAD c:/program files/stmicroelectronics/stm32cube/stm32cubeide_1.8.0/stm32cubeide/plugins/com.st.stm32cube.ide.mcu.externaltools.gnu-tools-for-stm32.9-2020-q2-update.win32_2.0.0.202105311346/tools/bin/../lib/gcc/arm-none-eabi/9.3.1/../../../../arm-none-eabi/lib/thumb/v7-m/nofp\libc_nano.a
END GROUP
LOAD c:/program files/stmicroelectronics/stm32cube/stm32cubeide_1.8.0/stm32cubeide/plugins/com.st.stm32cube.ide.mcu.externaltools.gnu-tools-for-stm32.9-2020-q2-update.win32_2.0.0.202105311346/tools/bin/../lib/gcc/arm-none-eabi/9.3.1/thumb/v7-m/nofp/crtend.o
LOAD c:/program files/stmicroelectronics/stm32cube/stm32cubeide_1.8.0/stm32cubeide/plugins/com.st.stm32cube.ide.mcu.externaltools.gnu-tools-for-stm32.9-2020-q2-update.win32_2.0.0.202105311346/tools/bin/../lib/gcc/arm-none-eabi/9.3.1/thumb/v7-m/nofp/crtn.o
                0x0000000020005000                _estack = (ORIGIN (RAM) + LENGTH (RAM))
                0x0000000000000200                _Min_Heap_Size = 0x200
                0x0000000000000400                _Min_Stack_Size = 0x400

.isr_vector     0x0000000008000000      0x10c
                0x0000000008000000                . = ALIGN (0x4)
 *(.isr_vector)
 .isr_vector    0x0000000008000000      0x10c ./Core/Startup/startup_stm32f103c8tx.o
                0x0000000008000000                g_pfnVectors
                0x000000000800010c                . = ALIGN (0x4)

.text           0x0000000008000110     0x7cf0
                0x0000000008000110                . = ALIGN (0x4)
 *(.text)
 .text          0x0000000008000110       0x40 c:/program files/stmicroelectronics/stm32cube/stm32cubeide_1.8.0/stm32cubeide/plugins/com.st.stm32cube.ide.mcu.externaltools.gnu-tools-for-stm32.9-2020-q2-update.win32_2.0.0.202105311346/tools/bin/../lib/gcc/arm-none-eabi/9.3.1/thumb/v7-m/nofp/crtbegin.o
 .text          0x0000000008000150      0x378 c:/program files/stmicroelectronics/stm32cube/stm32cubeide_1.8.0/stm32cubeide/plugins/com.st.stm32cube.ide.mcu.externaltools.gnu-tools-for-stm32.9-2020-q2-update.win32_2.0.0.202105311346/tools/bin/../lib/gcc/arm-none-eabi/9.3.1/thumb/v7-m/nofp\libgcc.a(_arm_addsubdf3.o)
                0x0000000008000150                __aeabi_drsub
                0x0000000008000158                __aeabi_dsub
                0x0000000008000158                __subdf3
                0x000000000800015c                __aeabi_dadd
                0x000000000800015c                __adddf3
                0x00000000080003d4                __floatunsidf
                0x00000000080003d4                __aeabi_ui2d
                0x00000000080003f4                __floatsidf
                0x00000000080003f4                __aeabi_i2d
                0x0000000008000418                __aeabi_f2d
                0x0000000008000418                __extendsfdf2
                0x000000000800045c                __floatundidf
                0x000000000800045c                __aeabi_ul2d
                0x000000000800046c                __floatdidf
                0x000000000800046c                __aeabi_l2d
 .text          0x00000000080004c8      0x424 c:/program files/stmicroelectronics/stm32cube/stm32cubeide_1.8.0/stm32cubeide/plugins/com.st.stm32cube.ide.mcu.externaltools.gnu-tools-for-stm32.9-2020-q2-update.win32_2.0.0.202105311346/tools/bin/../lib/gcc/arm-none-eabi/9.3.1/thumb/v7-m/nofp\libgcc.a(_arm_muldivdf3.o)
                0x00000000080004c8                __aeabi_dmul
                0x00000000080004c8                __muldf3
                0x000000000800071c                __divdf3
                0x000000000800071c                __aeabi_ddiv
 .text          0x00000000080008ec       0xa0 c:/program files/stmicroelectronics/stm32cube/stm32cubeide_1.8.0/stm32cubeide/plugins/com.st.stm32cube.ide.mcu.externaltools.gnu-tools-for-stm32.9-2020-q2-update.win32_2.0.0.202105311346/tools/bin/../lib/gcc/arm-none-eabi/9.3.1/thumb/v7-m/nofp\libgcc.a(_arm_truncdfsf2.o)
                0x00000000080008ec                __truncdfsf2
                0x00000000080008ec                __aeabi_d2f
 .text          0x000000000800098c      0x21c c:/program files/stmicroelectronics/stm32cube/stm32cubeide_1.8.0/stm32cubeide/plugins/com.st.stm32cube.ide.mcu.externaltools.gnu-tools-for-stm32.9-2020-q2-update.win32_2.0.0.202105311346/tools/bin/../lib/gcc/arm-none-eabi/9.3.1/thumb/v7-m/nofp\libgcc.a(_arm_addsubsf3.o)
                0x000000000800098c                __aeabi_frsub
                0x0000000008000994                __subsf3
                0x0000000008000994                __aeabi_fsub
                0x0000000008000998                __aeabi_fadd
                0x0000000008000998                __addsf3
                0x0000000008000af8                __aeabi_ui2f
                0x0000000008000af8                __floatunsisf
                0x0000000008000b00                __aeabi_i2f
                0x0000000008000b00                __floatsisf
                0x0000000008000b1c                __aeabi_ul2f
                0x0000000008000b1c                __floatundisf
                0x0000000008000b2c                __aeabi_l2f
                0x0000000008000b2c                __floatdisf
 .text          0x0000000008000ba8      0x2a0 c:/program files/stmicroelectronics/stm32cube/stm32cubeide_1.8.0/stm32cubeide/plugins/com.st.stm32cube.ide.mcu.externaltools.gnu-tools-for-stm32.9-2020-q2-update.win32_2.0.0.202105311346/tools/bin/../lib/gcc/arm-none-eabi/9.3.1/thumb/v7-m/nofp\libgcc.a(_arm_muldivsf3.o)
                0x0000000008000ba8                __mulsf3
                0x0000000008000ba8                __aeabi_fmul
                0x0000000008000d10                __aeabi_fdiv
                0x0000000008000d10                __divsf3
 .text          0x0000000008000e48       0xec c:/program files/stmicroelectronics/stm32cube/stm32cubeide_1.8.0/stm32cubeide/plugins/com.st.stm32cube.ide.mcu.externaltools.gnu-tools-for-stm32.9-2020-q2-update.win32_2.0.0.202105311346/tools/bin/../lib/gcc/arm-none-eabi/9.3.1/thumb/v7-m/nofp\libgcc.a(_arm_cmpsf2.o)
                0x0000000008000e48                __gesf2
                0x0000000008000e48                __gtsf2
                0x0000000008000e50                __lesf2
                0x0000000008000e50                __ltsf2
                0x0000000008000e58                __nesf2
                0x0000000008000e58                __eqsf2
                0x0000000008000e58                __cmpsf2
                0x0000000008000eb8                __aeabi_cfrcmple
                0x0000000008000ec0                __aeabi_cfcmpeq
                0x0000000008000ec0                __aeabi_cfcmple
                0x0000000008000ed0                __aeabi_fcmpeq
                0x0000000008000ee4                __aeabi_fcmplt
                0x0000000008000ef8                __aeabi_fcmple
                0x0000000008000f0c                __aeabi_fcmpge
                0x0000000008000f20                __aeabi_fcmpgt
 .text          0x0000000008000f34       0x2c c:/program files/stmicroelectronics/stm32cube/stm32cubeide_1.8.0/stm32cubeide/plugins/com.st.stm32cube.ide.mcu.externaltools.gnu-tools-for-stm32.9-2020-q2-update.win32_2.0.0.202105311346/tools/bin/../lib/gcc/arm-none-eabi/9.3.1/thumb/v7-m/nofp\libgcc.a(_arm_unordsf2.o)
                0x0000000008000f34                __unordsf2
                0x0000000008000f34                __aeabi_fcmpun
 .text          0x0000000008000f60       0x4c c:/program files/stmicroelectronics/stm32cube/stm32cubeide_1.8.0/stm32cubeide/plugins/com.st.stm32cube.ide.mcu.externaltools.gnu-tools-for-stm32.9-2020-q2-update.win32_2.0.0.202105311346/tools/bin/../lib/gcc/arm-none-eabi/9.3.1/thumb/v7-m/nofp\libgcc.a(_arm_fixsfsi.o)
                0x0000000008000f60                __aeabi_f2iz
                0x0000000008000f60                __fixsfsi
 .text          0x0000000008000fac       0x40 c:/program files/stmicroelectronics/stm32cube/stm32cubeide_1.8.0/stm32cubeide/plugins/com.st.stm32cube.ide.mcu.externaltools.gnu-tools-for-stm32.9-2020-q2-update.win32_2.0.0.202105311346/tools/bin/../lib/gcc/arm-none-eabi/9.3.1/thumb/v7-m/nofp\libgcc.a(_arm_fixunssfsi.o)
                0x0000000008000fac                __fixunssfsi
                0x0000000008000fac                __aeabi_f2uiz
 *(.text*)
 .text._ZSt4asinf
                0x0000000008000fec       0x18 ./Core/Src/main.o
                0x0000000008000fec                std::asin(float)
 .text._ZSt5atan2ff
                0x0000000008001004       0x1c ./Core/Src/main.o
                0x0000000008001004                std::atan2(float, float)
 .text.main     0x0000000008001020      0x60c ./Core/Src/main.o
                0x0000000008001020                main
 .text._Z18SystemClock_Configv
                0x000000000800162c       0x9e ./Core/Src/main.o
                0x000000000800162c                SystemClock_Config()
 *fill*         0x00000000080016ca        0x2 
 .text._ZL11MX_CAN_Initv
                0x00000000080016cc       0x74 ./Core/Src/main.o
 .text._ZL12MX_I2C2_Initv
                0x0000000008001740       0x68 ./Core/Src/main.o
 .text._ZL12MX_GPIO_Initv
                0x00000000080017a8       0x98 ./Core/Src/main.o
 .text.I2C_write
                0x0000000008001840       0x44 ./Core/Src/main.o
                0x0000000008001840                I2C_write
 .text.I2C_read
                0x0000000008001884       0x44 ./Core/Src/main.o
                0x0000000008001884                I2C_read
 .text.Error_Handler
                0x00000000080018c8        0xa ./Core/Src/main.o
                0x00000000080018c8                Error_Handler
 *fill*         0x00000000080018d2        0x2 
 .text.HAL_MspInit
                0x00000000080018d4       0x64 ./Core/Src/stm32f1xx_hal_msp.o
                0x00000000080018d4                HAL_MspInit
 .text.HAL_CAN_MspInit
                0x0000000008001938       0x98 ./Core/Src/stm32f1xx_hal_msp.o
                0x0000000008001938                HAL_CAN_MspInit
 .text.HAL_I2C_MspInit
                0x00000000080019d0       0x80 ./Core/Src/stm32f1xx_hal_msp.o
                0x00000000080019d0                HAL_I2C_MspInit
 .text.NMI_Handler
                0x0000000008001a50        0x6 ./Core/Src/stm32f1xx_it.o
                0x0000000008001a50                NMI_Handler
 .text.HardFault_Handler
                0x0000000008001a56        0x6 ./Core/Src/stm32f1xx_it.o
                0x0000000008001a56                HardFault_Handler
 .text.MemManage_Handler
                0x0000000008001a5c        0x6 ./Core/Src/stm32f1xx_it.o
                0x0000000008001a5c                MemManage_Handler
 .text.BusFault_Handler
                0x0000000008001a62        0x6 ./Core/Src/stm32f1xx_it.o
                0x0000000008001a62                BusFault_Handler
 .text.UsageFault_Handler
                0x0000000008001a68        0x6 ./Core/Src/stm32f1xx_it.o
                0x0000000008001a68                UsageFault_Handler
 .text.SVC_Handler
                0x0000000008001a6e        0xc ./Core/Src/stm32f1xx_it.o
                0x0000000008001a6e                SVC_Handler
 .text.DebugMon_Handler
                0x0000000008001a7a        0xc ./Core/Src/stm32f1xx_it.o
                0x0000000008001a7a                DebugMon_Handler
 .text.PendSV_Handler
                0x0000000008001a86        0xc ./Core/Src/stm32f1xx_it.o
                0x0000000008001a86                PendSV_Handler
 .text.SysTick_Handler
                0x0000000008001a92        0xc ./Core/Src/stm32f1xx_it.o
                0x0000000008001a92                SysTick_Handler
 .text._read    0x0000000008001a9e       0x3a ./Core/Src/syscalls.o
                0x0000000008001a9e                _read
 .text._write   0x0000000008001ad8       0x38 ./Core/Src/syscalls.o
                0x0000000008001ad8                _write
 .text._close   0x0000000008001b10       0x16 ./Core/Src/syscalls.o
                0x0000000008001b10                _close
 .text._fstat   0x0000000008001b26       0x1e ./Core/Src/syscalls.o
                0x0000000008001b26                _fstat
 .text._isatty  0x0000000008001b44       0x14 ./Core/Src/syscalls.o
                0x0000000008001b44                _isatty
 .text._lseek   0x0000000008001b58       0x18 ./Core/Src/syscalls.o
                0x0000000008001b58                _lseek
 .text._sbrk    0x0000000008001b70       0x6c ./Core/Src/sysmem.o
                0x0000000008001b70                _sbrk
 .text.SystemInit
                0x0000000008001bdc        0xc ./Core/Src/system_stm32f1xx.o
                0x0000000008001bdc                SystemInit
 .text._ZN11MPU9250_DMPC2Ev
                0x0000000008001be8       0x30 ./Core/Src/MPU9250/MPU9250-DMP.o
                0x0000000008001be8                MPU9250_DMP::MPU9250_DMP()
                0x0000000008001be8                MPU9250_DMP::MPU9250_DMP()
 .text._ZN11MPU9250_DMP5beginEv
                0x0000000008001c18       0x5c ./Core/Src/MPU9250/MPU9250-DMP.o
                0x0000000008001c18                MPU9250_DMP::begin()
 .text._ZN11MPU9250_DMP8dmpBeginEtt
                0x0000000008001c74       0xfc ./Core/Src/MPU9250/MPU9250-DMP.o
                0x0000000008001c74                MPU9250_DMP::dmpBegin(unsigned short, unsigned short)
 .text._ZN11MPU9250_DMP10setGyroFSREt
                0x0000000008001d70       0x32 ./Core/Src/MPU9250/MPU9250-DMP.o
                0x0000000008001d70                MPU9250_DMP::setGyroFSR(unsigned short)
 .text._ZN11MPU9250_DMP11setAccelFSREh
                0x0000000008001da2       0x36 ./Core/Src/MPU9250/MPU9250-DMP.o
                0x0000000008001da2                MPU9250_DMP::setAccelFSR(unsigned char)
 .text._ZN11MPU9250_DMP6setLPFEt
                0x0000000008001dd8       0x1e ./Core/Src/MPU9250/MPU9250-DMP.o
                0x0000000008001dd8                MPU9250_DMP::setLPF(unsigned short)
 .text._ZN11MPU9250_DMP13setSampleRateEt
                0x0000000008001df6       0x1e ./Core/Src/MPU9250/MPU9250-DMP.o
                0x0000000008001df6                MPU9250_DMP::setSampleRate(unsigned short)
 .text._ZN11MPU9250_DMP20setCompassSampleRateEt
                0x0000000008001e14       0x1e ./Core/Src/MPU9250/MPU9250-DMP.o
                0x0000000008001e14                MPU9250_DMP::setCompassSampleRate(unsigned short)
 .text._ZN11MPU9250_DMP11getGyroSensEv
                0x0000000008001e32       0x32 ./Core/Src/MPU9250/MPU9250-DMP.o
                0x0000000008001e32                MPU9250_DMP::getGyroSens()
 .text._ZN11MPU9250_DMP12getAccelSensEv
                0x0000000008001e64       0x30 ./Core/Src/MPU9250/MPU9250-DMP.o
                0x0000000008001e64                MPU9250_DMP::getAccelSens()
 .text._ZN11MPU9250_DMP13fifoAvailableEv
                0x0000000008001e94       0x60 ./Core/Src/MPU9250/MPU9250-DMP.o
                0x0000000008001e94                MPU9250_DMP::fifoAvailable()
 .text._ZN11MPU9250_DMP10setSensorsEh
                0x0000000008001ef4       0x1e ./Core/Src/MPU9250/MPU9250-DMP.o
                0x0000000008001ef4                MPU9250_DMP::setSensors(unsigned char)
 .text._ZN11MPU9250_DMP6updateEh
                0x0000000008001f12       0x7a ./Core/Src/MPU9250/MPU9250-DMP.o
                0x0000000008001f12                MPU9250_DMP::update(unsigned char)
 .text._ZN11MPU9250_DMP11updateAccelEv
                0x0000000008001f8c       0x56 ./Core/Src/MPU9250/MPU9250-DMP.o
                0x0000000008001f8c                MPU9250_DMP::updateAccel()
 .text._ZN11MPU9250_DMP10updateGyroEv
                0x0000000008001fe2       0x56 ./Core/Src/MPU9250/MPU9250-DMP.o
                0x0000000008001fe2                MPU9250_DMP::updateGyro()
 .text._ZN11MPU9250_DMP13updateCompassEv
                0x0000000008002038       0x56 ./Core/Src/MPU9250/MPU9250-DMP.o
                0x0000000008002038                MPU9250_DMP::updateCompass()
 .text._ZN11MPU9250_DMP17updateTemperatureEv
                0x000000000800208e       0x24 ./Core/Src/MPU9250/MPU9250-DMP.o
                0x000000000800208e                MPU9250_DMP::updateTemperature()
 .text._ZN11MPU9250_DMP9constrainEfff
                0x00000000080020b2       0x3c ./Core/Src/MPU9250/MPU9250-DMP.o
                0x00000000080020b2                MPU9250_DMP::constrain(float, float, float)
 .text._ZN11MPU9250_DMP7dmpLoadEv
                0x00000000080020ee       0x16 ./Core/Src/MPU9250/MPU9250-DMP.o
                0x00000000080020ee                MPU9250_DMP::dmpLoad()
 .text._ZN11MPU9250_DMP14dmpSetFifoRateEt
                0x0000000008002104       0x28 ./Core/Src/MPU9250/MPU9250-DMP.o
                0x0000000008002104                MPU9250_DMP::dmpSetFifoRate(unsigned short)
 .text._ZN11MPU9250_DMP13dmpUpdateFifoEv
                0x000000000800212c       0xe8 ./Core/Src/MPU9250/MPU9250-DMP.o
                0x000000000800212c                MPU9250_DMP::dmpUpdateFifo()
 .text._ZN11MPU9250_DMP17dmpEnableFeaturesEt
                0x0000000008002214       0x32 ./Core/Src/MPU9250/MPU9250-DMP.o
                0x0000000008002214                MPU9250_DMP::dmpEnableFeatures(unsigned short)
 .text._ZN11MPU9250_DMP9calcAccelEi
                0x0000000008002246       0x32 ./Core/Src/MPU9250/MPU9250-DMP.o
                0x0000000008002246                MPU9250_DMP::calcAccel(int)
 .text._ZN11MPU9250_DMP8calcGyroEi
                0x0000000008002278       0x28 ./Core/Src/MPU9250/MPU9250-DMP.o
                0x0000000008002278                MPU9250_DMP::calcGyro(int)
 .text._ZN11MPU9250_DMP7calcMagEi
                0x00000000080022a0       0x28 ./Core/Src/MPU9250/MPU9250-DMP.o
                0x00000000080022a0                MPU9250_DMP::calcMag(int)
 .text._ZN11MPU9250_DMP8calcQuatEl
                0x00000000080022c8       0x1e ./Core/Src/MPU9250/MPU9250-DMP.o
                0x00000000080022c8                MPU9250_DMP::calcQuat(long)
 .text._ZN11MPU9250_DMP8qToFloatElh
                0x00000000080022e6       0x82 ./Core/Src/MPU9250/MPU9250-DMP.o
                0x00000000080022e6                MPU9250_DMP::qToFloat(long, unsigned char)
 .text._ZN11MPU9250_DMP18computeEulerAnglesEb
                0x0000000008002368      0x2a8 ./Core/Src/MPU9250/MPU9250-DMP.o
                0x0000000008002368                MPU9250_DMP::computeEulerAngles(bool)
 .text.reg_int_cb
                0x0000000008002610       0x14 ./Core/Src/MPU9250/inv_mpu.o
 .text.set_int_enable
                0x0000000008002624       0xb4 ./Core/Src/MPU9250/inv_mpu.o
                0x0000000008002624                set_int_enable
 .text.mpu_read_reg
                0x00000000080026d8       0x5c ./Core/Src/MPU9250/inv_mpu.o
                0x00000000080026d8                mpu_read_reg
 .text.mpu_init
                0x0000000008002734      0x194 ./Core/Src/MPU9250/inv_mpu.o
                0x0000000008002734                mpu_init
 .text.mpu_lp_accel_mode
                0x00000000080028c8       0xf8 ./Core/Src/MPU9250/inv_mpu.o
                0x00000000080028c8                mpu_lp_accel_mode
 .text.mpu_get_gyro_reg
                0x00000000080029c0       0x98 ./Core/Src/MPU9250/inv_mpu.o
                0x00000000080029c0                mpu_get_gyro_reg
 .text.mpu_get_accel_reg
                0x0000000008002a58       0x98 ./Core/Src/MPU9250/inv_mpu.o
                0x0000000008002a58                mpu_get_accel_reg
 .text.mpu_get_temperature
                0x0000000008002af0       0xcc ./Core/Src/MPU9250/inv_mpu.o
                0x0000000008002af0                mpu_get_temperature
 .text.mpu_reset_fifo
                0x0000000008002bbc      0x208 ./Core/Src/MPU9250/inv_mpu.o
                0x0000000008002bbc                mpu_reset_fifo
 .text.mpu_set_gyro_fsr
                0x0000000008002dc4       0xa8 ./Core/Src/MPU9250/inv_mpu.o
                0x0000000008002dc4                mpu_set_gyro_fsr
 .text.mpu_get_accel_fsr
                0x0000000008002e6c       0x74 ./Core/Src/MPU9250/inv_mpu.o
                0x0000000008002e6c                mpu_get_accel_fsr
 .text.mpu_set_accel_fsr
                0x0000000008002ee0       0xd0 ./Core/Src/MPU9250/inv_mpu.o
                0x0000000008002ee0                mpu_set_accel_fsr
 .text.mpu_set_lpf
                0x0000000008002fb0       0x9c ./Core/Src/MPU9250/inv_mpu.o
                0x0000000008002fb0                mpu_set_lpf
 .text.mpu_set_sample_rate
                0x000000000800304c       0xdc ./Core/Src/MPU9250/inv_mpu.o
                0x000000000800304c                mpu_set_sample_rate
 .text.mpu_set_compass_sample_rate
                0x0000000008003128       0x80 ./Core/Src/MPU9250/inv_mpu.o
                0x0000000008003128                mpu_set_compass_sample_rate
 .text.mpu_get_gyro_sens
                0x00000000080031a8       0x70 ./Core/Src/MPU9250/inv_mpu.o
                0x00000000080031a8                mpu_get_gyro_sens
 .text.mpu_get_accel_sens
                0x0000000008003218       0x7c ./Core/Src/MPU9250/inv_mpu.o
                0x0000000008003218                mpu_get_accel_sens
 .text.mpu_configure_fifo
                0x0000000008003294       0xa4 ./Core/Src/MPU9250/inv_mpu.o
                0x0000000008003294                mpu_configure_fifo
 .text.mpu_set_sensors
                0x0000000008003338      0x1bc ./Core/Src/MPU9250/inv_mpu.o
                0x0000000008003338                mpu_set_sensors
 .text.mpu_read_fifo_stream
                0x00000000080034f4       0xfc ./Core/Src/MPU9250/inv_mpu.o
                0x00000000080034f4                mpu_read_fifo_stream
 .text.mpu_set_bypass
                0x00000000080035f0      0x18c ./Core/Src/MPU9250/inv_mpu.o
                0x00000000080035f0                mpu_set_bypass
 .text.mpu_set_int_latched
                0x000000000800377c       0x88 ./Core/Src/MPU9250/inv_mpu.o
                0x000000000800377c                mpu_set_int_latched
 .text.mpu_write_mem
                0x0000000008003804       0xa4 ./Core/Src/MPU9250/inv_mpu.o
                0x0000000008003804                mpu_write_mem
 .text.mpu_read_mem
                0x00000000080038a8       0xa4 ./Core/Src/MPU9250/inv_mpu.o
                0x00000000080038a8                mpu_read_mem
 .text.mpu_load_firmware
                0x000000000800394c       0xfc ./Core/Src/MPU9250/inv_mpu.o
                0x000000000800394c                mpu_load_firmware
 .text.mpu_set_dmp_state
                0x0000000008003a48       0xa8 ./Core/Src/MPU9250/inv_mpu.o
                0x0000000008003a48                mpu_set_dmp_state
 .text.setup_compass
                0x0000000008003af0      0x288 ./Core/Src/MPU9250/inv_mpu.o
 .text.mpu_get_compass_reg
                0x0000000008003d78      0x118 ./Core/Src/MPU9250/inv_mpu.o
                0x0000000008003d78                mpu_get_compass_reg
 .text.dmp_load_motion_driver_firmware
                0x0000000008003e90       0x20 ./Core/Src/MPU9250/inv_mpu_dmp_motion_driver.o
                0x0000000008003e90                dmp_load_motion_driver_firmware
 .text.dmp_set_fifo_rate
                0x0000000008003eb0       0x90 ./Core/Src/MPU9250/inv_mpu_dmp_motion_driver.o
                0x0000000008003eb0                dmp_set_fifo_rate
 .text.dmp_set_tap_thresh
                0x0000000008003f40      0x254 ./Core/Src/MPU9250/inv_mpu_dmp_motion_driver.o
                0x0000000008003f40                dmp_set_tap_thresh
 .text.dmp_set_tap_axes
                0x0000000008004194       0x64 ./Core/Src/MPU9250/inv_mpu_dmp_motion_driver.o
                0x0000000008004194                dmp_set_tap_axes
 .text.dmp_set_tap_count
                0x00000000080041f8       0x42 ./Core/Src/MPU9250/inv_mpu_dmp_motion_driver.o
                0x00000000080041f8                dmp_set_tap_count
 *fill*         0x000000000800423a        0x2 
 .text.dmp_set_tap_time
                0x000000000800423c       0x44 ./Core/Src/MPU9250/inv_mpu_dmp_motion_driver.o
                0x000000000800423c                dmp_set_tap_time
 .text.dmp_set_tap_time_multi
                0x0000000008004280       0x44 ./Core/Src/MPU9250/inv_mpu_dmp_motion_driver.o
                0x0000000008004280                dmp_set_tap_time_multi
 .text.dmp_set_shake_reject_thresh
                0x00000000080042c4       0x60 ./Core/Src/MPU9250/inv_mpu_dmp_motion_driver.o
                0x00000000080042c4                dmp_set_shake_reject_thresh
 .text.dmp_set_shake_reject_time
                0x0000000008004324       0x44 ./Core/Src/MPU9250/inv_mpu_dmp_motion_driver.o
                0x0000000008004324                dmp_set_shake_reject_time
 .text.dmp_set_shake_reject_timeout
                0x0000000008004368       0x44 ./Core/Src/MPU9250/inv_mpu_dmp_motion_driver.o
                0x0000000008004368                dmp_set_shake_reject_timeout
 .text.dmp_enable_feature
                0x00000000080043ac      0x250 ./Core/Src/MPU9250/inv_mpu_dmp_motion_driver.o
                0x00000000080043ac                dmp_enable_feature
 .text.dmp_enable_gyro_cal
                0x00000000080045fc       0x60 ./Core/Src/MPU9250/inv_mpu_dmp_motion_driver.o
                0x00000000080045fc                dmp_enable_gyro_cal
 .text.dmp_enable_lp_quat
                0x000000000800465c       0x4e ./Core/Src/MPU9250/inv_mpu_dmp_motion_driver.o
                0x000000000800465c                dmp_enable_lp_quat
 .text.dmp_enable_6x_lp_quat
                0x00000000080046aa       0x4e ./Core/Src/MPU9250/inv_mpu_dmp_motion_driver.o
                0x00000000080046aa                dmp_enable_6x_lp_quat
 .text.decode_gesture
                0x00000000080046f8       0x88 ./Core/Src/MPU9250/inv_mpu_dmp_motion_driver.o
 .text.dmp_read_fifo
                0x0000000008004780      0x2f4 ./Core/Src/MPU9250/inv_mpu_dmp_motion_driver.o
                0x0000000008004780                dmp_read_fifo
 .text.Reset_Handler
                0x0000000008004a74       0x48 ./Core/Startup/startup_stm32f103c8tx.o
                0x0000000008004a74                Reset_Handler
 .text.Default_Handler
                0x0000000008004abc        0x2 ./Core/Startup/startup_stm32f103c8tx.o
                0x0000000008004abc                RTC_Alarm_IRQHandler
                0x0000000008004abc                EXTI2_IRQHandler
                0x0000000008004abc                TIM1_CC_IRQHandler
                0x0000000008004abc                PVD_IRQHandler
                0x0000000008004abc                EXTI3_IRQHandler
                0x0000000008004abc                EXTI0_IRQHandler
                0x0000000008004abc                I2C2_EV_IRQHandler
                0x0000000008004abc                ADC1_2_IRQHandler
                0x0000000008004abc                SPI1_IRQHandler
                0x0000000008004abc                TAMPER_IRQHandler
                0x0000000008004abc                DMA1_Channel4_IRQHandler
                0x0000000008004abc                USART3_IRQHandler
                0x0000000008004abc                RTC_IRQHandler
                0x0000000008004abc                DMA1_Channel7_IRQHandler
                0x0000000008004abc                CAN1_RX1_IRQHandler
                0x0000000008004abc                TIM4_IRQHandler
                0x0000000008004abc                I2C1_EV_IRQHandler
                0x0000000008004abc                DMA1_Channel6_IRQHandler
                0x0000000008004abc                TIM3_IRQHandler
                0x0000000008004abc                RCC_IRQHandler
                0x0000000008004abc                TIM1_TRG_COM_IRQHandler
                0x0000000008004abc                DMA1_Channel1_IRQHandler
                0x0000000008004abc                Default_Handler
                0x0000000008004abc                EXTI15_10_IRQHandler
                0x0000000008004abc                EXTI9_5_IRQHandler
                0x0000000008004abc                SPI2_IRQHandler
                0x0000000008004abc                DMA1_Channel5_IRQHandler
                0x0000000008004abc                EXTI4_IRQHandler
                0x0000000008004abc                USB_LP_CAN1_RX0_IRQHandler
                0x0000000008004abc                USB_HP_CAN1_TX_IRQHandler
                0x0000000008004abc                DMA1_Channel3_IRQHandler
                0x0000000008004abc                TIM1_UP_IRQHandler
                0x0000000008004abc                WWDG_IRQHandler
                0x0000000008004abc                TIM2_IRQHandler
                0x0000000008004abc                TIM1_BRK_IRQHandler
                0x0000000008004abc                EXTI1_IRQHandler
                0x0000000008004abc                USART2_IRQHandler
                0x0000000008004abc                I2C2_ER_IRQHandler
                0x0000000008004abc                DMA1_Channel2_IRQHandler
                0x0000000008004abc                CAN1_SCE_IRQHandler
                0x0000000008004abc                FLASH_IRQHandler
                0x0000000008004abc                USART1_IRQHandler
                0x0000000008004abc                I2C1_ER_IRQHandler
                0x0000000008004abc                USBWakeUp_IRQHandler
 *fill*         0x0000000008004abe        0x2 
 .text.HAL_Init
                0x0000000008004ac0       0x2c ./Drivers/STM32F1xx_HAL_Driver/Src/stm32f1xx_hal.o
                0x0000000008004ac0                HAL_Init
 .text.HAL_InitTick
                0x0000000008004aec       0x60 ./Drivers/STM32F1xx_HAL_Driver/Src/stm32f1xx_hal.o
                0x0000000008004aec                HAL_InitTick
 .text.HAL_IncTick
                0x0000000008004b4c       0x24 ./Drivers/STM32F1xx_HAL_Driver/Src/stm32f1xx_hal.o
                0x0000000008004b4c                HAL_IncTick
 .text.HAL_GetTick
                0x0000000008004b70       0x14 ./Drivers/STM32F1xx_HAL_Driver/Src/stm32f1xx_hal.o
                0x0000000008004b70                HAL_GetTick
 .text.HAL_Delay
                0x0000000008004b84       0x48 ./Drivers/STM32F1xx_HAL_Driver/Src/stm32f1xx_hal.o
                0x0000000008004b84                HAL_Delay
 .text.HAL_CAN_Init
                0x0000000008004bcc      0x1f6 ./Drivers/STM32F1xx_HAL_Driver/Src/stm32f1xx_hal_can.o
                0x0000000008004bcc                HAL_CAN_Init
 .text.HAL_CAN_ConfigFilter
                0x0000000008004dc2      0x192 ./Drivers/STM32F1xx_HAL_Driver/Src/stm32f1xx_hal_can.o
                0x0000000008004dc2                HAL_CAN_ConfigFilter
 .text.HAL_CAN_Start
                0x0000000008004f54       0x88 ./Drivers/STM32F1xx_HAL_Driver/Src/stm32f1xx_hal_can.o
                0x0000000008004f54                HAL_CAN_Start
 .text.HAL_CAN_ActivateNotification
                0x0000000008004fdc       0x4a ./Drivers/STM32F1xx_HAL_Driver/Src/stm32f1xx_hal_can.o
                0x0000000008004fdc                HAL_CAN_ActivateNotification
 *fill*         0x0000000008005026        0x2 
 .text.__NVIC_SetPriorityGrouping
                0x0000000008005028       0x48 ./Drivers/STM32F1xx_HAL_Driver/Src/stm32f1xx_hal_cortex.o
 .text.__NVIC_GetPriorityGrouping
                0x0000000008005070       0x1c ./Drivers/STM32F1xx_HAL_Driver/Src/stm32f1xx_hal_cortex.o
 .text.__NVIC_SetPriority
                0x000000000800508c       0x54 ./Drivers/STM32F1xx_HAL_Driver/Src/stm32f1xx_hal_cortex.o
 .text.NVIC_EncodePriority
                0x00000000080050e0       0x64 ./Drivers/STM32F1xx_HAL_Driver/Src/stm32f1xx_hal_cortex.o
 .text.SysTick_Config
                0x0000000008005144       0x44 ./Drivers/STM32F1xx_HAL_Driver/Src/stm32f1xx_hal_cortex.o
 .text.HAL_NVIC_SetPriorityGrouping
                0x0000000008005188       0x16 ./Drivers/STM32F1xx_HAL_Driver/Src/stm32f1xx_hal_cortex.o
                0x0000000008005188                HAL_NVIC_SetPriorityGrouping
 .text.HAL_NVIC_SetPriority
                0x000000000800519e       0x38 ./Drivers/STM32F1xx_HAL_Driver/Src/stm32f1xx_hal_cortex.o
                0x000000000800519e                HAL_NVIC_SetPriority
 .text.HAL_SYSTICK_Config
                0x00000000080051d6       0x18 ./Drivers/STM32F1xx_HAL_Driver/Src/stm32f1xx_hal_cortex.o
                0x00000000080051d6                HAL_SYSTICK_Config
 *fill*         0x00000000080051ee        0x2 
 .text.HAL_GPIO_Init
                0x00000000080051f0      0x308 ./Drivers/STM32F1xx_HAL_Driver/Src/stm32f1xx_hal_gpio.o
                0x00000000080051f0                HAL_GPIO_Init
 .text.HAL_GPIO_WritePin
                0x00000000080054f8       0x30 ./Drivers/STM32F1xx_HAL_Driver/Src/stm32f1xx_hal_gpio.o
                0x00000000080054f8                HAL_GPIO_WritePin
 .text.HAL_I2C_Init
                0x0000000008005528      0x288 ./Drivers/STM32F1xx_HAL_Driver/Src/stm32f1xx_hal_i2c.o
                0x0000000008005528                HAL_I2C_Init
 .text.HAL_I2C_Mem_Write
                0x00000000080057b0      0x1f4 ./Drivers/STM32F1xx_HAL_Driver/Src/stm32f1xx_hal_i2c.o
                0x00000000080057b0                HAL_I2C_Mem_Write
 .text.HAL_I2C_Mem_Read
                0x00000000080059a4      0x4d0 ./Drivers/STM32F1xx_HAL_Driver/Src/stm32f1xx_hal_i2c.o
                0x00000000080059a4                HAL_I2C_Mem_Read
 .text.I2C_RequestMemoryWrite
                0x0000000008005e74      0x12c ./Drivers/STM32F1xx_HAL_Driver/Src/stm32f1xx_hal_i2c.o
 .text.I2C_RequestMemoryRead
                0x0000000008005fa0      0x1d0 ./Drivers/STM32F1xx_HAL_Driver/Src/stm32f1xx_hal_i2c.o
 .text.I2C_WaitOnFlagUntilTimeout
                0x0000000008006170       0xae ./Drivers/STM32F1xx_HAL_Driver/Src/stm32f1xx_hal_i2c.o
 .text.I2C_WaitOnMasterAddressFlagUntilTimeout
                0x000000000800621e       0xfe ./Drivers/STM32F1xx_HAL_Driver/Src/stm32f1xx_hal_i2c.o
 .text.I2C_WaitOnTXEFlagUntilTimeout
                0x000000000800631c       0x82 ./Drivers/STM32F1xx_HAL_Driver/Src/stm32f1xx_hal_i2c.o
 .text.I2C_WaitOnBTFFlagUntilTimeout
                0x000000000800639e       0x82 ./Drivers/STM32F1xx_HAL_Driver/Src/stm32f1xx_hal_i2c.o
 .text.I2C_WaitOnRXNEFlagUntilTimeout
                0x0000000008006420       0xac ./Drivers/STM32F1xx_HAL_Driver/Src/stm32f1xx_hal_i2c.o
 .text.I2C_IsAcknowledgeFailed
                0x00000000080064cc       0x5c ./Drivers/STM32F1xx_HAL_Driver/Src/stm32f1xx_hal_i2c.o
 .text.HAL_RCC_OscConfig
                0x0000000008006528      0x500 ./Drivers/STM32F1xx_HAL_Driver/Src/stm32f1xx_hal_rcc.o
                0x0000000008006528                HAL_RCC_OscConfig
 .text.HAL_RCC_ClockConfig
                0x0000000008006a28      0x1d4 ./Drivers/STM32F1xx_HAL_Driver/Src/stm32f1xx_hal_rcc.o
                0x0000000008006a28                HAL_RCC_ClockConfig
 .text.HAL_RCC_GetSysClockFreq
                0x0000000008006bfc       0xc0 ./Drivers/STM32F1xx_HAL_Driver/Src/stm32f1xx_hal_rcc.o
                0x0000000008006bfc                HAL_RCC_GetSysClockFreq
 .text.HAL_RCC_GetHCLKFreq
                0x0000000008006cbc       0x14 ./Drivers/STM32F1xx_HAL_Driver/Src/stm32f1xx_hal_rcc.o
                0x0000000008006cbc                HAL_RCC_GetHCLKFreq
 .text.HAL_RCC_GetPCLK1Freq
                0x0000000008006cd0       0x28 ./Drivers/STM32F1xx_HAL_Driver/Src/stm32f1xx_hal_rcc.o
                0x0000000008006cd0                HAL_RCC_GetPCLK1Freq
 .text.RCC_Delay
                0x0000000008006cf8       0x3c ./Drivers/STM32F1xx_HAL_Driver/Src/stm32f1xx_hal_rcc.o
 .text.asinf    0x0000000008006d34       0x4c c:/program files/stmicroelectronics/stm32cube/stm32cubeide_1.8.0/stm32cubeide/plugins/com.st.stm32cube.ide.mcu.externaltools.gnu-tools-for-stm32.9-2020-q2-update.win32_2.0.0.202105311346/tools/bin/../lib/gcc/arm-none-eabi/9.3.1/../../../../arm-none-eabi/lib/thumb/v7-m/nofp\libm.a(lib_a-wf_asin.o)
                0x0000000008006d34                asinf
 .text.atan2f   0x0000000008006d80        0x4 c:/program files/stmicroelectronics/stm32cube/stm32cubeide_1.8.0/stm32cubeide/plugins/com.st.stm32cube.ide.mcu.externaltools.gnu-tools-for-stm32.9-2020-q2-update.win32_2.0.0.202105311346/tools/bin/../lib/gcc/arm-none-eabi/9.3.1/../../../../arm-none-eabi/lib/thumb/v7-m/nofp\libm.a(lib_a-wf_atan2.o)
                0x0000000008006d80                atan2f
 .text.__ieee754_asinf
                0x0000000008006d84      0x288 c:/program files/stmicroelectronics/stm32cube/stm32cubeide_1.8.0/stm32cubeide/plugins/com.st.stm32cube.ide.mcu.externaltools.gnu-tools-for-stm32.9-2020-q2-update.win32_2.0.0.202105311346/tools/bin/../lib/gcc/arm-none-eabi/9.3.1/../../../../arm-none-eabi/lib/thumb/v7-m/nofp\libm.a(lib_a-ef_asin.o)
                0x0000000008006d84                __ieee754_asinf
 .text.__ieee754_atan2f
                0x000000000800700c      0x10c c:/program files/stmicroelectronics/stm32cube/stm32cubeide_1.8.0/stm32cubeide/plugins/com.st.stm32cube.ide.mcu.externaltools.gnu-tools-for-stm32.9-2020-q2-update.win32_2.0.0.202105311346/tools/bin/../lib/gcc/arm-none-eabi/9.3.1/../../../../arm-none-eabi/lib/thumb/v7-m/nofp\libm.a(lib_a-ef_atan2.o)
                0x000000000800700c                __ieee754_atan2f
 .text.__ieee754_sqrtf
                0x0000000008007118       0xa2 c:/program files/stmicroelectronics/stm32cube/stm32cubeide_1.8.0/stm32cubeide/plugins/com.st.stm32cube.ide.mcu.externaltools.gnu-tools-for-stm32.9-2020-q2-update.win32_2.0.0.202105311346/tools/bin/../lib/gcc/arm-none-eabi/9.3.1/../../../../arm-none-eabi/lib/thumb/v7-m/nofp\libm.a(lib_a-ef_sqrt.o)
                0x0000000008007118                __ieee754_sqrtf
 *fill*         0x00000000080071ba        0x2 
 .text.atanf    0x00000000080071bc      0x218 c:/program files/stmicroelectronics/stm32cube/stm32cubeide_1.8.0/stm32cubeide/plugins/com.st.stm32cube.ide.mcu.externaltools.gnu-tools-for-stm32.9-2020-q2-update.win32_2.0.0.202105311346/tools/bin/../lib/gcc/arm-none-eabi/9.3.1/../../../../arm-none-eabi/lib/thumb/v7-m/nofp\libm.a(lib_a-sf_atan.o)
                0x00000000080071bc                atanf
 .text.fabsf    0x00000000080073d4        0x6 c:/program files/stmicroelectronics/stm32cube/stm32cubeide_1.8.0/stm32cubeide/plugins/com.st.stm32cube.ide.mcu.externaltools.gnu-tools-for-stm32.9-2020-q2-update.win32_2.0.0.202105311346/tools/bin/../lib/gcc/arm-none-eabi/9.3.1/../../../../arm-none-eabi/lib/thumb/v7-m/nofp\libm.a(lib_a-sf_fabs.o)
                0x00000000080073d4                fabsf
 *fill*         0x00000000080073da        0x2 
 .text.nanf     0x00000000080073dc        0x8 c:/program files/stmicroelectronics/stm32cube/stm32cubeide_1.8.0/stm32cubeide/plugins/com.st.stm32cube.ide.mcu.externaltools.gnu-tools-for-stm32.9-2020-q2-update.win32_2.0.0.202105311346/tools/bin/../lib/gcc/arm-none-eabi/9.3.1/../../../../arm-none-eabi/lib/thumb/v7-m/nofp\libm.a(lib_a-sf_nan.o)
                0x00000000080073dc                nanf
 .text.__errno  0x00000000080073e4        0xc c:/program files/stmicroelectronics/stm32cube/stm32cubeide_1.8.0/stm32cubeide/plugins/com.st.stm32cube.ide.mcu.externaltools.gnu-tools-for-stm32.9-2020-q2-update.win32_2.0.0.202105311346/tools/bin/../lib/gcc/arm-none-eabi/9.3.1/../../../../arm-none-eabi/lib/thumb/v7-m/nofp\libc_nano.a(lib_a-errno.o)
                0x00000000080073e4                __errno
 .text.__libc_init_array
                0x00000000080073f0       0x48 c:/program files/stmicroelectronics/stm32cube/stm32cubeide_1.8.0/stm32cubeide/plugins/com.st.stm32cube.ide.mcu.externaltools.gnu-tools-for-stm32.9-2020-q2-update.win32_2.0.0.202105311346/tools/bin/../lib/gcc/arm-none-eabi/9.3.1/../../../../arm-none-eabi/lib/thumb/v7-m/nofp\libc_nano.a(lib_a-init.o)
                0x00000000080073f0                __libc_init_array
 .text.memcmp   0x0000000008007438       0x1c c:/program files/stmicroelectronics/stm32cube/stm32cubeide_1.8.0/stm32cubeide/plugins/com.st.stm32cube.ide.mcu.externaltools.gnu-tools-for-stm32.9-2020-q2-update.win32_2.0.0.202105311346/tools/bin/../lib/gcc/arm-none-eabi/9.3.1/../../../../arm-none-eabi/lib/thumb/v7-m/nofp\libc_nano.a(lib_a-memcmp.o)
                0x0000000008007438                memcmp
 .text.memset   0x0000000008007454       0x10 c:/program files/stmicroelectronics/stm32cube/stm32cubeide_1.8.0/stm32cubeide/plugins/com.st.stm32cube.ide.mcu.externaltools.gnu-tools-for-stm32.9-2020-q2-update.win32_2.0.0.202105311346/tools/bin/../lib/gcc/arm-none-eabi/9.3.1/../../../../arm-none-eabi/lib/thumb/v7-m/nofp\libc_nano.a(lib_a-memset.o)
                0x0000000008007454                memset
 .text._puts_r  0x0000000008007464       0xdc c:/program files/stmicroelectronics/stm32cube/stm32cubeide_1.8.0/stm32cubeide/plugins/com.st.stm32cube.ide.mcu.externaltools.gnu-tools-for-stm32.9-2020-q2-update.win32_2.0.0.202105311346/tools/bin/../lib/gcc/arm-none-eabi/9.3.1/../../../../arm-none-eabi/lib/thumb/v7-m/nofp\libc_nano.a(lib_a-puts.o)
                0x0000000008007464                _puts_r
 .text.puts     0x0000000008007540       0x10 c:/program files/stmicroelectronics/stm32cube/stm32cubeide_1.8.0/stm32cubeide/plugins/com.st.stm32cube.ide.mcu.externaltools.gnu-tools-for-stm32.9-2020-q2-update.win32_2.0.0.202105311346/tools/bin/../lib/gcc/arm-none-eabi/9.3.1/../../../../arm-none-eabi/lib/thumb/v7-m/nofp\libc_nano.a(lib_a-puts.o)
                0x0000000008007540                puts
 .text.__swbuf_r
                0x0000000008007550       0xa4 c:/program files/stmicroelectronics/stm32cube/stm32cubeide_1.8.0/stm32cubeide/plugins/com.st.stm32cube.ide.mcu.externaltools.gnu-tools-for-stm32.9-2020-q2-update.win32_2.0.0.202105311346/tools/bin/../lib/gcc/arm-none-eabi/9.3.1/../../../../arm-none-eabi/lib/thumb/v7-m/nofp\libc_nano.a(lib_a-wbuf.o)
                0x0000000008007550                __swbuf_r
 .text.__swsetup_r
                0x00000000080075f4       0xdc c:/program files/stmicroelectronics/stm32cube/stm32cubeide_1.8.0/stm32cubeide/plugins/com.st.stm32cube.ide.mcu.externaltools.gnu-tools-for-stm32.9-2020-q2-update.win32_2.0.0.202105311346/tools/bin/../lib/gcc/arm-none-eabi/9.3.1/../../../../arm-none-eabi/lib/thumb/v7-m/nofp\libc_nano.a(lib_a-wsetup.o)
                0x00000000080075f4                __swsetup_r
 .text.__sflush_r
                0x00000000080076d0      0x10c c:/program files/stmicroelectronics/stm32cube/stm32cubeide_1.8.0/stm32cubeide/plugins/com.st.stm32cube.ide.mcu.externaltools.gnu-tools-for-stm32.9-2020-q2-update.win32_2.0.0.202105311346/tools/bin/../lib/gcc/arm-none-eabi/9.3.1/../../../../arm-none-eabi/lib/thumb/v7-m/nofp\libc_nano.a(lib_a-fflush.o)
                0x00000000080076d0                __sflush_r
 .text._fflush_r
                0x00000000080077dc       0x78 c:/program files/stmicroelectronics/stm32cube/stm32cubeide_1.8.0/stm32cubeide/plugins/com.st.stm32cube.ide.mcu.externaltools.gnu-tools-for-stm32.9-2020-q2-update.win32_2.0.0.202105311346/tools/bin/../lib/gcc/arm-none-eabi/9.3.1/../../../../arm-none-eabi/lib/thumb/v7-m/nofp\libc_nano.a(lib_a-fflush.o)
                0x00000000080077dc                _fflush_r
 .text.std      0x0000000008007854       0x48 c:/program files/stmicroelectronics/stm32cube/stm32cubeide_1.8.0/stm32cubeide/plugins/com.st.stm32cube.ide.mcu.externaltools.gnu-tools-for-stm32.9-2020-q2-update.win32_2.0.0.202105311346/tools/bin/../lib/gcc/arm-none-eabi/9.3.1/../../../../arm-none-eabi/lib/thumb/v7-m/nofp\libc_nano.a(lib_a-findfp.o)
 .text._cleanup_r
                0x000000000800789c        0xc c:/program files/stmicroelectronics/stm32cube/stm32cubeide_1.8.0/stm32cubeide/plugins/com.st.stm32cube.ide.mcu.externaltools.gnu-tools-for-stm32.9-2020-q2-update.win32_2.0.0.202105311346/tools/bin/../lib/gcc/arm-none-eabi/9.3.1/../../../../arm-none-eabi/lib/thumb/v7-m/nofp\libc_nano.a(lib_a-findfp.o)
                0x000000000800789c                _cleanup_r
 .text.__sfmoreglue
                0x00000000080078a8       0x2c c:/program files/stmicroelectronics/stm32cube/stm32cubeide_1.8.0/stm32cubeide/plugins/com.st.stm32cube.ide.mcu.externaltools.gnu-tools-for-stm32.9-2020-q2-update.win32_2.0.0.202105311346/tools/bin/../lib/gcc/arm-none-eabi/9.3.1/../../../../arm-none-eabi/lib/thumb/v7-m/nofp\libc_nano.a(lib_a-findfp.o)
                0x00000000080078a8                __sfmoreglue
 .text.__sfp_lock_acquire
                0x00000000080078d4        0xc c:/program files/stmicroelectronics/stm32cube/stm32cubeide_1.8.0/stm32cubeide/plugins/com.st.stm32cube.ide.mcu.externaltools.gnu-tools-for-stm32.9-2020-q2-update.win32_2.0.0.202105311346/tools/bin/../lib/gcc/arm-none-eabi/9.3.1/../../../../arm-none-eabi/lib/thumb/v7-m/nofp\libc_nano.a(lib_a-findfp.o)
                0x00000000080078d4                __sfp_lock_acquire
 .text.__sfp_lock_release
                0x00000000080078e0        0xc c:/program files/stmicroelectronics/stm32cube/stm32cubeide_1.8.0/stm32cubeide/plugins/com.st.stm32cube.ide.mcu.externaltools.gnu-tools-for-stm32.9-2020-q2-update.win32_2.0.0.202105311346/tools/bin/../lib/gcc/arm-none-eabi/9.3.1/../../../../arm-none-eabi/lib/thumb/v7-m/nofp\libc_nano.a(lib_a-findfp.o)
                0x00000000080078e0                __sfp_lock_release
 .text.__sinit_lock_acquire
                0x00000000080078ec        0xc c:/program files/stmicroelectronics/stm32cube/stm32cubeide_1.8.0/stm32cubeide/plugins/com.st.stm32cube.ide.mcu.externaltools.gnu-tools-for-stm32.9-2020-q2-update.win32_2.0.0.202105311346/tools/bin/../lib/gcc/arm-none-eabi/9.3.1/../../../../arm-none-eabi/lib/thumb/v7-m/nofp\libc_nano.a(lib_a-findfp.o)
                0x00000000080078ec                __sinit_lock_acquire
 .text.__sinit_lock_release
                0x00000000080078f8        0xc c:/program files/stmicroelectronics/stm32cube/stm32cubeide_1.8.0/stm32cubeide/plugins/com.st.stm32cube.ide.mcu.externaltools.gnu-tools-for-stm32.9-2020-q2-update.win32_2.0.0.202105311346/tools/bin/../lib/gcc/arm-none-eabi/9.3.1/../../../../arm-none-eabi/lib/thumb/v7-m/nofp\libc_nano.a(lib_a-findfp.o)
                0x00000000080078f8                __sinit_lock_release
 .text.__sinit  0x0000000008007904       0x70 c:/program files/stmicroelectronics/stm32cube/stm32cubeide_1.8.0/stm32cubeide/plugins/com.st.stm32cube.ide.mcu.externaltools.gnu-tools-for-stm32.9-2020-q2-update.win32_2.0.0.202105311346/tools/bin/../lib/gcc/arm-none-eabi/9.3.1/../../../../arm-none-eabi/lib/thumb/v7-m/nofp\libc_nano.a(lib_a-findfp.o)
                0x0000000008007904                __sinit
 .text.__sfp    0x0000000008007974       0x8c c:/program files/stmicroelectronics/stm32cube/stm32cubeide_1.8.0/stm32cubeide/plugins/com.st.stm32cube.ide.mcu.externaltools.gnu-tools-for-stm32.9-2020-q2-update.win32_2.0.0.202105311346/tools/bin/../lib/gcc/arm-none-eabi/9.3.1/../../../../arm-none-eabi/lib/thumb/v7-m/nofp\libc_nano.a(lib_a-findfp.o)
                0x0000000008007974                __sfp
 .text._fwalk_reent
                0x0000000008007a00       0x3e c:/program files/stmicroelectronics/stm32cube/stm32cubeide_1.8.0/stm32cubeide/plugins/com.st.stm32cube.ide.mcu.externaltools.gnu-tools-for-stm32.9-2020-q2-update.win32_2.0.0.202105311346/tools/bin/../lib/gcc/arm-none-eabi/9.3.1/../../../../arm-none-eabi/lib/thumb/v7-m/nofp\libc_nano.a(lib_a-fwalk.o)
                0x0000000008007a00                _fwalk_reent
 .text.__retarget_lock_init_recursive
                0x0000000008007a3e        0x2 c:/program files/stmicroelectronics/stm32cube/stm32cubeide_1.8.0/stm32cubeide/plugins/com.st.stm32cube.ide.mcu.externaltools.gnu-tools-for-stm32.9-2020-q2-update.win32_2.0.0.202105311346/tools/bin/../lib/gcc/arm-none-eabi/9.3.1/../../../../arm-none-eabi/lib/thumb/v7-m/nofp\libc_nano.a(lib_a-lock.o)
                0x0000000008007a3e                __retarget_lock_init_recursive
 .text.__retarget_lock_acquire_recursive
                0x0000000008007a40        0x2 c:/program files/stmicroelectronics/stm32cube/stm32cubeide_1.8.0/stm32cubeide/plugins/com.st.stm32cube.ide.mcu.externaltools.gnu-tools-for-stm32.9-2020-q2-update.win32_2.0.0.202105311346/tools/bin/../lib/gcc/arm-none-eabi/9.3.1/../../../../arm-none-eabi/lib/thumb/v7-m/nofp\libc_nano.a(lib_a-lock.o)
                0x0000000008007a40                __retarget_lock_acquire_recursive
 .text.__retarget_lock_release_recursive
                0x0000000008007a42        0x2 c:/program files/stmicroelectronics/stm32cube/stm32cubeide_1.8.0/stm32cubeide/plugins/com.st.stm32cube.ide.mcu.externaltools.gnu-tools-for-stm32.9-2020-q2-update.win32_2.0.0.202105311346/tools/bin/../lib/gcc/arm-none-eabi/9.3.1/../../../../arm-none-eabi/lib/thumb/v7-m/nofp\libc_nano.a(lib_a-lock.o)
                0x0000000008007a42                __retarget_lock_release_recursive
 .text.__swhatbuf_r
                0x0000000008007a44       0x48 c:/program files/stmicroelectronics/stm32cube/stm32cubeide_1.8.0/stm32cubeide/plugins/com.st.stm32cube.ide.mcu.externaltools.gnu-tools-for-stm32.9-2020-q2-update.win32_2.0.0.202105311346/tools/bin/../lib/gcc/arm-none-eabi/9.3.1/../../../../arm-none-eabi/lib/thumb/v7-m/nofp\libc_nano.a(lib_a-makebuf.o)
                0x0000000008007a44                __swhatbuf_r
 .text.__smakebuf_r
                0x0000000008007a8c       0x80 c:/program files/stmicroelectronics/stm32cube/stm32cubeide_1.8.0/stm32cubeide/plugins/com.st.stm32cube.ide.mcu.externaltools.gnu-tools-for-stm32.9-2020-q2-update.win32_2.0.0.202105311346/tools/bin/../lib/gcc/arm-none-eabi/9.3.1/../../../../arm-none-eabi/lib/thumb/v7-m/nofp\libc_nano.a(lib_a-makebuf.o)
                0x0000000008007a8c                __smakebuf_r
 .text._free_r  0x0000000008007b0c       0x98 c:/program files/stmicroelectronics/stm32cube/stm32cubeide_1.8.0/stm32cubeide/plugins/com.st.stm32cube.ide.mcu.externaltools.gnu-tools-for-stm32.9-2020-q2-update.win32_2.0.0.202105311346/tools/bin/../lib/gcc/arm-none-eabi/9.3.1/../../../../arm-none-eabi/lib/thumb/v7-m/nofp\libc_nano.a(lib_a-nano-freer.o)
                0x0000000008007b0c                _free_r
 .text._malloc_r
                0x0000000008007ba4       0xb4 c:/program files/stmicroelectronics/stm32cube/stm32cubeide_1.8.0/stm32cubeide/plugins/com.st.stm32cube.ide.mcu.externaltools.gnu-tools-for-stm32.9-2020-q2-update.win32_2.0.0.202105311346/tools/bin/../lib/gcc/arm-none-eabi/9.3.1/../../../../arm-none-eabi/lib/thumb/v7-m/nofp\libc_nano.a(lib_a-nano-mallocr.o)
                0x0000000008007ba4                _malloc_r
 .text._sbrk_r  0x0000000008007c58       0x20 c:/program files/stmicroelectronics/stm32cube/stm32cubeide_1.8.0/stm32cubeide/plugins/com.st.stm32cube.ide.mcu.externaltools.gnu-tools-for-stm32.9-2020-q2-update.win32_2.0.0.202105311346/tools/bin/../lib/gcc/arm-none-eabi/9.3.1/../../../../arm-none-eabi/lib/thumb/v7-m/nofp\libc_nano.a(lib_a-sbrkr.o)
                0x0000000008007c58                _sbrk_r
 .text.__sread  0x0000000008007c78       0x22 c:/program files/stmicroelectronics/stm32cube/stm32cubeide_1.8.0/stm32cubeide/plugins/com.st.stm32cube.ide.mcu.externaltools.gnu-tools-for-stm32.9-2020-q2-update.win32_2.0.0.202105311346/tools/bin/../lib/gcc/arm-none-eabi/9.3.1/../../../../arm-none-eabi/lib/thumb/v7-m/nofp\libc_nano.a(lib_a-stdio.o)
                0x0000000008007c78                __sread
 .text.__swrite
                0x0000000008007c9a       0x38 c:/program files/stmicroelectronics/stm32cube/stm32cubeide_1.8.0/stm32cubeide/plugins/com.st.stm32cube.ide.mcu.externaltools.gnu-tools-for-stm32.9-2020-q2-update.win32_2.0.0.202105311346/tools/bin/../lib/gcc/arm-none-eabi/9.3.1/../../../../arm-none-eabi/lib/thumb/v7-m/nofp\libc_nano.a(lib_a-stdio.o)
                0x0000000008007c9a                __swrite
 .text.__sseek  0x0000000008007cd2       0x24 c:/program files/stmicroelectronics/stm32cube/stm32cubeide_1.8.0/stm32cubeide/plugins/com.st.stm32cube.ide.mcu.externaltools.gnu-tools-for-stm32.9-2020-q2-update.win32_2.0.0.202105311346/tools/bin/../lib/gcc/arm-none-eabi/9.3.1/../../../../arm-none-eabi/lib/thumb/v7-m/nofp\libc_nano.a(lib_a-stdio.o)
                0x0000000008007cd2                __sseek
 .text.__sclose
                0x0000000008007cf6        0x8 c:/program files/stmicroelectronics/stm32cube/stm32cubeide_1.8.0/stm32cubeide/plugins/com.st.stm32cube.ide.mcu.externaltools.gnu-tools-for-stm32.9-2020-q2-update.win32_2.0.0.202105311346/tools/bin/../lib/gcc/arm-none-eabi/9.3.1/../../../../arm-none-eabi/lib/thumb/v7-m/nofp\libc_nano.a(lib_a-stdio.o)
                0x0000000008007cf6                __sclose
 *fill*         0x0000000008007cfe        0x2 
 .text._write_r
                0x0000000008007d00       0x24 c:/program files/stmicroelectronics/stm32cube/stm32cubeide_1.8.0/stm32cubeide/plugins/com.st.stm32cube.ide.mcu.externaltools.gnu-tools-for-stm32.9-2020-q2-update.win32_2.0.0.202105311346/tools/bin/../lib/gcc/arm-none-eabi/9.3.1/../../../../arm-none-eabi/lib/thumb/v7-m/nofp\libc_nano.a(lib_a-writer.o)
                0x0000000008007d00                _write_r
 .text._close_r
                0x0000000008007d24       0x20 c:/program files/stmicroelectronics/stm32cube/stm32cubeide_1.8.0/stm32cubeide/plugins/com.st.stm32cube.ide.mcu.externaltools.gnu-tools-for-stm32.9-2020-q2-update.win32_2.0.0.202105311346/tools/bin/../lib/gcc/arm-none-eabi/9.3.1/../../../../arm-none-eabi/lib/thumb/v7-m/nofp\libc_nano.a(lib_a-closer.o)
                0x0000000008007d24                _close_r
 .text._fstat_r
                0x0000000008007d44       0x24 c:/program files/stmicroelectronics/stm32cube/stm32cubeide_1.8.0/stm32cubeide/plugins/com.st.stm32cube.ide.mcu.externaltools.gnu-tools-for-stm32.9-2020-q2-update.win32_2.0.0.202105311346/tools/bin/../lib/gcc/arm-none-eabi/9.3.1/../../../../arm-none-eabi/lib/thumb/v7-m/nofp\libc_nano.a(lib_a-fstatr.o)
                0x0000000008007d44                _fstat_r
 .text._isatty_r
                0x0000000008007d68       0x20 c:/program files/stmicroelectronics/stm32cube/stm32cubeide_1.8.0/stm32cubeide/plugins/com.st.stm32cube.ide.mcu.externaltools.gnu-tools-for-stm32.9-2020-q2-update.win32_2.0.0.202105311346/tools/bin/../lib/gcc/arm-none-eabi/9.3.1/../../../../arm-none-eabi/lib/thumb/v7-m/nofp\libc_nano.a(lib_a-isattyr.o)
                0x0000000008007d68                _isatty_r
 .text._lseek_r
                0x0000000008007d88       0x24 c:/program files/stmicroelectronics/stm32cube/stm32cubeide_1.8.0/stm32cubeide/plugins/com.st.stm32cube.ide.mcu.externaltools.gnu-tools-for-stm32.9-2020-q2-update.win32_2.0.0.202105311346/tools/bin/../lib/gcc/arm-none-eabi/9.3.1/../../../../arm-none-eabi/lib/thumb/v7-m/nofp\libc_nano.a(lib_a-lseekr.o)
                0x0000000008007d88                _lseek_r
 .text.__malloc_lock
                0x0000000008007dac        0xc c:/program files/stmicroelectronics/stm32cube/stm32cubeide_1.8.0/stm32cubeide/plugins/com.st.stm32cube.ide.mcu.externaltools.gnu-tools-for-stm32.9-2020-q2-update.win32_2.0.0.202105311346/tools/bin/../lib/gcc/arm-none-eabi/9.3.1/../../../../arm-none-eabi/lib/thumb/v7-m/nofp\libc_nano.a(lib_a-mlock.o)
                0x0000000008007dac                __malloc_lock
 .text.__malloc_unlock
                0x0000000008007db8        0xc c:/program files/stmicroelectronics/stm32cube/stm32cubeide_1.8.0/stm32cubeide/plugins/com.st.stm32cube.ide.mcu.externaltools.gnu-tools-for-stm32.9-2020-q2-update.win32_2.0.0.202105311346/tools/bin/../lib/gcc/arm-none-eabi/9.3.1/../../../../arm-none-eabi/lib/thumb/v7-m/nofp\libc_nano.a(lib_a-mlock.o)
                0x0000000008007db8                __malloc_unlock
 .text._read_r  0x0000000008007dc4       0x24 c:/program files/stmicroelectronics/stm32cube/stm32cubeide_1.8.0/stm32cubeide/plugins/com.st.stm32cube.ide.mcu.externaltools.gnu-tools-for-stm32.9-2020-q2-update.win32_2.0.0.202105311346/tools/bin/../lib/gcc/arm-none-eabi/9.3.1/../../../../arm-none-eabi/lib/thumb/v7-m/nofp\libc_nano.a(lib_a-readr.o)
                0x0000000008007dc4                _read_r
 *(.glue_7)
 .glue_7        0x0000000008007de8        0x0 linker stubs
 *(.glue_7t)
 .glue_7t       0x0000000008007de8        0x0 linker stubs
 *(.eh_frame)
 .eh_frame      0x0000000008007de8        0x0 c:/program files/stmicroelectronics/stm32cube/stm32cubeide_1.8.0/stm32cubeide/plugins/com.st.stm32cube.ide.mcu.externaltools.gnu-tools-for-stm32.9-2020-q2-update.win32_2.0.0.202105311346/tools/bin/../lib/gcc/arm-none-eabi/9.3.1/thumb/v7-m/nofp/crtbegin.o
 *(.init)
 .init          0x0000000008007de8        0x4 c:/program files/stmicroelectronics/stm32cube/stm32cubeide_1.8.0/stm32cubeide/plugins/com.st.stm32cube.ide.mcu.externaltools.gnu-tools-for-stm32.9-2020-q2-update.win32_2.0.0.202105311346/tools/bin/../lib/gcc/arm-none-eabi/9.3.1/thumb/v7-m/nofp/crti.o
                0x0000000008007de8                _init
 .init          0x0000000008007dec        0x8 c:/program files/stmicroelectronics/stm32cube/stm32cubeide_1.8.0/stm32cubeide/plugins/com.st.stm32cube.ide.mcu.externaltools.gnu-tools-for-stm32.9-2020-q2-update.win32_2.0.0.202105311346/tools/bin/../lib/gcc/arm-none-eabi/9.3.1/thumb/v7-m/nofp/crtn.o
 *(.fini)
 .fini          0x0000000008007df4        0x4 c:/program files/stmicroelectronics/stm32cube/stm32cubeide_1.8.0/stm32cubeide/plugins/com.st.stm32cube.ide.mcu.externaltools.gnu-tools-for-stm32.9-2020-q2-update.win32_2.0.0.202105311346/tools/bin/../lib/gcc/arm-none-eabi/9.3.1/thumb/v7-m/nofp/crti.o
                0x0000000008007df4                _fini
 .fini          0x0000000008007df8        0x8 c:/program files/stmicroelectronics/stm32cube/stm32cubeide_1.8.0/stm32cubeide/plugins/com.st.stm32cube.ide.mcu.externaltools.gnu-tools-for-stm32.9-2020-q2-update.win32_2.0.0.202105311346/tools/bin/../lib/gcc/arm-none-eabi/9.3.1/thumb/v7-m/nofp/crtn.o
                0x0000000008007e00                . = ALIGN (0x4)
                0x0000000008007e00                _etext = .

.vfp11_veneer   0x0000000008007e00        0x0
 .vfp11_veneer  0x0000000008007e00        0x0 linker stubs

.v4_bx          0x0000000008007e00        0x0
 .v4_bx         0x0000000008007e00        0x0 linker stubs

.iplt           0x0000000008007e00        0x0
 .iplt          0x0000000008007e00        0x0 c:/program files/stmicroelectronics/stm32cube/stm32cubeide_1.8.0/stm32cubeide/plugins/com.st.stm32cube.ide.mcu.externaltools.gnu-tools-for-stm32.9-2020-q2-update.win32_2.0.0.202105311346/tools/bin/../lib/gcc/arm-none-eabi/9.3.1/thumb/v7-m/nofp/crtbegin.o

.rodata         0x0000000008007e00     0x11c0
                0x0000000008007e00                . = ALIGN (0x4)
 *(.rodata)
 .rodata        0x0000000008007e00      0x44b ./Core/Src/MPU9250/inv_mpu.o
 *fill*         0x000000000800824b        0x1 
 .rodata        0x000000000800824c       0x4b ./Core/Src/MPU9250/inv_mpu_dmp_motion_driver.o
 *fill*         0x0000000008008297        0x1 
 .rodata        0x0000000008008298       0x10 ./Drivers/STM32F1xx_HAL_Driver/Src/stm32f1xx_hal_rcc.o
 *(.rodata*)
 .rodata.AHBPrescTable
                0x00000000080082a8       0x10 ./Core/Src/system_stm32f1xx.o
                0x00000000080082a8                AHBPrescTable
 .rodata.APBPrescTable
                0x00000000080082b8        0x8 ./Core/Src/system_stm32f1xx.o
                0x00000000080082b8                APBPrescTable
 .rodata.reg    0x00000000080082c0       0x2a ./Core/Src/MPU9250/inv_mpu.o
                0x00000000080082c0                reg
 *fill*         0x00000000080082ea        0x2 
 .rodata.hw     0x00000000080082ec        0xe ./Core/Src/MPU9250/inv_mpu.o
                0x00000000080082ec                hw
 *fill*         0x00000000080082fa        0x2 
 .rodata.test   0x00000000080082fc       0x30 ./Core/Src/MPU9250/inv_mpu.o
                0x00000000080082fc                test
 .rodata.dmp_memory
                0x000000000800832c      0xbf6 ./Core/Src/MPU9250/inv_mpu_dmp_motion_driver.o
 .rodata.asinf.str1.1
                0x0000000008008f22        0x1 c:/program files/stmicroelectronics/stm32cube/stm32cubeide_1.8.0/stm32cubeide/plugins/com.st.stm32cube.ide.mcu.externaltools.gnu-tools-for-stm32.9-2020-q2-update.win32_2.0.0.202105311346/tools/bin/../lib/gcc/arm-none-eabi/9.3.1/../../../../arm-none-eabi/lib/thumb/v7-m/nofp\libm.a(lib_a-wf_asin.o)
 *fill*         0x0000000008008f23        0x1 
 .rodata.CSWTCH.8
                0x0000000008008f24        0xc c:/program files/stmicroelectronics/stm32cube/stm32cubeide_1.8.0/stm32cubeide/plugins/com.st.stm32cube.ide.mcu.externaltools.gnu-tools-for-stm32.9-2020-q2-update.win32_2.0.0.202105311346/tools/bin/../lib/gcc/arm-none-eabi/9.3.1/../../../../arm-none-eabi/lib/thumb/v7-m/nofp\libm.a(lib_a-ef_atan2.o)
 .rodata.CSWTCH.9
                0x0000000008008f30        0xc c:/program files/stmicroelectronics/stm32cube/stm32cubeide_1.8.0/stm32cubeide/plugins/com.st.stm32cube.ide.mcu.externaltools.gnu-tools-for-stm32.9-2020-q2-update.win32_2.0.0.202105311346/tools/bin/../lib/gcc/arm-none-eabi/9.3.1/../../../../arm-none-eabi/lib/thumb/v7-m/nofp\libm.a(lib_a-ef_atan2.o)
 .rodata.atanhi
                0x0000000008008f3c       0x10 c:/program files/stmicroelectronics/stm32cube/stm32cubeide_1.8.0/stm32cubeide/plugins/com.st.stm32cube.ide.mcu.externaltools.gnu-tools-for-stm32.9-2020-q2-update.win32_2.0.0.202105311346/tools/bin/../lib/gcc/arm-none-eabi/9.3.1/../../../../arm-none-eabi/lib/thumb/v7-m/nofp\libm.a(lib_a-sf_atan.o)
 .rodata.atanlo
                0x0000000008008f4c       0x10 c:/program files/stmicroelectronics/stm32cube/stm32cubeide_1.8.0/stm32cubeide/plugins/com.st.stm32cube.ide.mcu.externaltools.gnu-tools-for-stm32.9-2020-q2-update.win32_2.0.0.202105311346/tools/bin/../lib/gcc/arm-none-eabi/9.3.1/../../../../arm-none-eabi/lib/thumb/v7-m/nofp\libm.a(lib_a-sf_atan.o)
 .rodata._global_impure_ptr
                0x0000000008008f5c        0x4 c:/program files/stmicroelectronics/stm32cube/stm32cubeide_1.8.0/stm32cubeide/plugins/com.st.stm32cube.ide.mcu.externaltools.gnu-tools-for-stm32.9-2020-q2-update.win32_2.0.0.202105311346/tools/bin/../lib/gcc/arm-none-eabi/9.3.1/../../../../arm-none-eabi/lib/thumb/v7-m/nofp\libc_nano.a(lib_a-impure.o)
                0x0000000008008f5c                _global_impure_ptr
 .rodata.__sf_fake_stderr
                0x0000000008008f60       0x20 c:/program files/stmicroelectronics/stm32cube/stm32cubeide_1.8.0/stm32cubeide/plugins/com.st.stm32cube.ide.mcu.externaltools.gnu-tools-for-stm32.9-2020-q2-update.win32_2.0.0.202105311346/tools/bin/../lib/gcc/arm-none-eabi/9.3.1/../../../../arm-none-eabi/lib/thumb/v7-m/nofp\libc_nano.a(lib_a-findfp.o)
                0x0000000008008f60                __sf_fake_stderr
 .rodata.__sf_fake_stdin
                0x0000000008008f80       0x20 c:/program files/stmicroelectronics/stm32cube/stm32cubeide_1.8.0/stm32cubeide/plugins/com.st.stm32cube.ide.mcu.externaltools.gnu-tools-for-stm32.9-2020-q2-update.win32_2.0.0.202105311346/tools/bin/../lib/gcc/arm-none-eabi/9.3.1/../../../../arm-none-eabi/lib/thumb/v7-m/nofp\libc_nano.a(lib_a-findfp.o)
                0x0000000008008f80                __sf_fake_stdin
 .rodata.__sf_fake_stdout
                0x0000000008008fa0       0x20 c:/program files/stmicroelectronics/stm32cube/stm32cubeide_1.8.0/stm32cubeide/plugins/com.st.stm32cube.ide.mcu.externaltools.gnu-tools-for-stm32.9-2020-q2-update.win32_2.0.0.202105311346/tools/bin/../lib/gcc/arm-none-eabi/9.3.1/../../../../arm-none-eabi/lib/thumb/v7-m/nofp\libc_nano.a(lib_a-findfp.o)
                0x0000000008008fa0                __sf_fake_stdout
                0x0000000008008fc0                . = ALIGN (0x4)

.rel.dyn        0x0000000008008fc0        0x0
 .rel.iplt      0x0000000008008fc0        0x0 c:/program files/stmicroelectronics/stm32cube/stm32cubeide_1.8.0/stm32cubeide/plugins/com.st.stm32cube.ide.mcu.externaltools.gnu-tools-for-stm32.9-2020-q2-update.win32_2.0.0.202105311346/tools/bin/../lib/gcc/arm-none-eabi/9.3.1/thumb/v7-m/nofp/crtbegin.o

.ARM.extab      0x0000000008008fc0        0x0
                0x0000000008008fc0                . = ALIGN (0x4)
 *(.ARM.extab* .gnu.linkonce.armextab.*)
                0x0000000008008fc0                . = ALIGN (0x4)

.ARM            0x0000000008008fc0        0x0
                0x0000000008008fc0                . = ALIGN (0x4)
                0x0000000008008fc0                __exidx_start = .
 *(.ARM.exidx*)
                0x0000000008008fc0                __exidx_end = .
                0x0000000008008fc0                . = ALIGN (0x4)

.preinit_array  0x0000000008008fc0        0x0
                0x0000000008008fc0                . = ALIGN (0x4)
                0x0000000008008fc0                PROVIDE (__preinit_array_start = .)
 *(.preinit_array*)
                0x0000000008008fc0                PROVIDE (__preinit_array_end = .)
                0x0000000008008fc0                . = ALIGN (0x4)

.init_array     0x0000000008008fc0        0x4
                0x0000000008008fc0                . = ALIGN (0x4)
                0x0000000008008fc0                PROVIDE (__init_array_start = .)
 *(SORT_BY_NAME(.init_array.*))
 *(.init_array*)
 .init_array    0x0000000008008fc0        0x4 c:/program files/stmicroelectronics/stm32cube/stm32cubeide_1.8.0/stm32cubeide/plugins/com.st.stm32cube.ide.mcu.externaltools.gnu-tools-for-stm32.9-2020-q2-update.win32_2.0.0.202105311346/tools/bin/../lib/gcc/arm-none-eabi/9.3.1/thumb/v7-m/nofp/crtbegin.o
                0x0000000008008fc4                PROVIDE (__init_array_end = .)
                0x0000000008008fc4                . = ALIGN (0x4)

.fini_array     0x0000000008008fc4        0x4
                0x0000000008008fc4                . = ALIGN (0x4)
                [!provide]                        PROVIDE (__fini_array_start = .)
 *(SORT_BY_NAME(.fini_array.*))
 *(.fini_array*)
 .fini_array    0x0000000008008fc4        0x4 c:/program files/stmicroelectronics/stm32cube/stm32cubeide_1.8.0/stm32cubeide/plugins/com.st.stm32cube.ide.mcu.externaltools.gnu-tools-for-stm32.9-2020-q2-update.win32_2.0.0.202105311346/tools/bin/../lib/gcc/arm-none-eabi/9.3.1/thumb/v7-m/nofp/crtbegin.o
                [!provide]                        PROVIDE (__fini_array_end = .)
                0x0000000008008fc8                . = ALIGN (0x4)
                0x0000000008008fc8                _sidata = LOADADDR (.data)

.data           0x0000000020000000       0xb0 load address 0x0000000008008fc8
                0x0000000020000000                . = ALIGN (0x4)
                0x0000000020000000                _sdata = .
 *(.data)
 *(.data*)
 .data.SystemCoreClock
                0x0000000020000000        0x4 ./Core/Src/system_stm32f1xx.o
                0x0000000020000000                SystemCoreClock
 .data.debugBegin
                0x0000000020000004        0x4 ./Core/Src/MPU9250/MPU9250-DMP.o
                0x0000000020000004                debugBegin
 .data.debugDMP
                0x0000000020000008        0x4 ./Core/Src/MPU9250/MPU9250-DMP.o
                0x0000000020000008                debugDMP
 .data.st       0x000000002000000c       0x38 ./Core/Src/MPU9250/inv_mpu.o
 .data.uwTickPrio
                0x0000000020000044        0x4 ./Drivers/STM32F1xx_HAL_Driver/Src/stm32f1xx_hal.o
                0x0000000020000044                uwTickPrio
 .data.uwTickFreq
                0x0000000020000048        0x1 ./Drivers/STM32F1xx_HAL_Driver/Src/stm32f1xx_hal.o
                0x0000000020000048                uwTickFreq
 .data.__fdlib_version
                0x0000000020000049        0x1 c:/program files/stmicroelectronics/stm32cube/stm32cubeide_1.8.0/stm32cubeide/plugins/com.st.stm32cube.ide.mcu.externaltools.gnu-tools-for-stm32.9-2020-q2-update.win32_2.0.0.202105311346/tools/bin/../lib/gcc/arm-none-eabi/9.3.1/../../../../arm-none-eabi/lib/thumb/v7-m/nofp\libm.a(lib_a-s_lib_ver.o)
                0x0000000020000049                __fdlib_version
 *fill*         0x000000002000004a        0x2 
 .data._impure_ptr
                0x000000002000004c        0x4 c:/program files/stmicroelectronics/stm32cube/stm32cubeide_1.8.0/stm32cubeide/plugins/com.st.stm32cube.ide.mcu.externaltools.gnu-tools-for-stm32.9-2020-q2-update.win32_2.0.0.202105311346/tools/bin/../lib/gcc/arm-none-eabi/9.3.1/../../../../arm-none-eabi/lib/thumb/v7-m/nofp\libc_nano.a(lib_a-impure.o)
                0x000000002000004c                _impure_ptr
 .data.impure_data
                0x0000000020000050       0x60 c:/program files/stmicroelectronics/stm32cube/stm32cubeide_1.8.0/stm32cubeide/plugins/com.st.stm32cube.ide.mcu.externaltools.gnu-tools-for-stm32.9-2020-q2-update.win32_2.0.0.202105311346/tools/bin/../lib/gcc/arm-none-eabi/9.3.1/../../../../arm-none-eabi/lib/thumb/v7-m/nofp\libc_nano.a(lib_a-impure.o)
 *(.RamFunc)
 *(.RamFunc*)
                0x00000000200000b0                . = ALIGN (0x4)
                0x00000000200000b0                _edata = .

.igot.plt       0x00000000200000b0        0x0 load address 0x0000000008009078
 .igot.plt      0x00000000200000b0        0x0 c:/program files/stmicroelectronics/stm32cube/stm32cubeide_1.8.0/stm32cubeide/plugins/com.st.stm32cube.ide.mcu.externaltools.gnu-tools-for-stm32.9-2020-q2-update.win32_2.0.0.202105311346/tools/bin/../lib/gcc/arm-none-eabi/9.3.1/thumb/v7-m/nofp/crtbegin.o
                0x00000000200000b0                . = ALIGN (0x4)

.bss            0x00000000200000b0      0x130 load address 0x0000000008009078
                0x00000000200000b0                _sbss = .
                0x00000000200000b0                __bss_start__ = _sbss
 *(.bss)
 .bss           0x00000000200000b0       0x1c c:/program files/stmicroelectronics/stm32cube/stm32cubeide_1.8.0/stm32cubeide/plugins/com.st.stm32cube.ide.mcu.externaltools.gnu-tools-for-stm32.9-2020-q2-update.win32_2.0.0.202105311346/tools/bin/../lib/gcc/arm-none-eabi/9.3.1/thumb/v7-m/nofp/crtbegin.o
 *(.bss*)
 .bss.hcan      0x00000000200000cc       0x28 ./Core/Src/main.o
                0x00000000200000cc                hcan
 .bss.hi2c2     0x00000000200000f4       0x54 ./Core/Src/main.o
                0x00000000200000f4                hi2c2
 .bss.TxHeader  0x0000000020000148       0x18 ./Core/Src/main.o
                0x0000000020000148                TxHeader
 .bss.q0        0x0000000020000160        0x8 ./Core/Src/main.o
                0x0000000020000160                q0
 .bss.q1        0x0000000020000168        0x8 ./Core/Src/main.o
                0x0000000020000168                q1
 .bss.q2        0x0000000020000170        0x8 ./Core/Src/main.o
                0x0000000020000170                q2
 .bss.q3        0x0000000020000178        0x8 ./Core/Src/main.o
                0x0000000020000178                q3
 .bss.roll      0x0000000020000180        0x4 ./Core/Src/main.o
                0x0000000020000180                roll
 .bss.pitch     0x0000000020000184        0x4 ./Core/Src/main.o
                0x0000000020000184                pitch
 .bss.yaw       0x0000000020000188        0x4 ./Core/Src/main.o
                0x0000000020000188                yaw
 .bss.ax        0x000000002000018c        0x4 ./Core/Src/main.o
                0x000000002000018c                ax
 .bss.ay        0x0000000020000190        0x4 ./Core/Src/main.o
                0x0000000020000190                ay
 .bss.az        0x0000000020000194        0x4 ./Core/Src/main.o
                0x0000000020000194                az
 .bss.gx        0x0000000020000198        0x4 ./Core/Src/main.o
                0x0000000020000198                gx
 .bss.gy        0x000000002000019c        0x4 ./Core/Src/main.o
                0x000000002000019c                gy
 .bss.gz        0x00000000200001a0        0x4 ./Core/Src/main.o
                0x00000000200001a0                gz
 .bss.mx        0x00000000200001a4        0x4 ./Core/Src/main.o
                0x00000000200001a4                mx
 .bss.my        0x00000000200001a8        0x4 ./Core/Src/main.o
                0x00000000200001a8                my
 .bss.mz        0x00000000200001ac        0x4 ./Core/Src/main.o
                0x00000000200001ac                mz
 .bss.__sbrk_heap_end
                0x00000000200001b0        0x4 ./Core/Src/sysmem.o
 .bss.dmp       0x00000000200001b4       0x10 ./Core/Src/MPU9250/inv_mpu_dmp_motion_driver.o
 .bss.__malloc_free_list
                0x00000000200001c4        0x4 c:/program files/stmicroelectronics/stm32cube/stm32cubeide_1.8.0/stm32cubeide/plugins/com.st.stm32cube.ide.mcu.externaltools.gnu-tools-for-stm32.9-2020-q2-update.win32_2.0.0.202105311346/tools/bin/../lib/gcc/arm-none-eabi/9.3.1/../../../../arm-none-eabi/lib/thumb/v7-m/nofp\libc_nano.a(lib_a-nano-mallocr.o)
                0x00000000200001c4                __malloc_free_list
 .bss.__malloc_sbrk_start
                0x00000000200001c8        0x4 c:/program files/stmicroelectronics/stm32cube/stm32cubeide_1.8.0/stm32cubeide/plugins/com.st.stm32cube.ide.mcu.externaltools.gnu-tools-for-stm32.9-2020-q2-update.win32_2.0.0.202105311346/tools/bin/../lib/gcc/arm-none-eabi/9.3.1/../../../../arm-none-eabi/lib/thumb/v7-m/nofp\libc_nano.a(lib_a-nano-mallocr.o)
                0x00000000200001c8                __malloc_sbrk_start
 *(COMMON)
 COMMON         0x00000000200001cc        0x4 ./Drivers/STM32F1xx_HAL_Driver/Src/stm32f1xx_hal.o
                0x00000000200001cc                uwTick
 COMMON         0x00000000200001d0        0x9 c:/program files/stmicroelectronics/stm32cube/stm32cubeide_1.8.0/stm32cubeide/plugins/com.st.stm32cube.ide.mcu.externaltools.gnu-tools-for-stm32.9-2020-q2-update.win32_2.0.0.202105311346/tools/bin/../lib/gcc/arm-none-eabi/9.3.1/../../../../arm-none-eabi/lib/thumb/v7-m/nofp\libc_nano.a(lib_a-lock.o)
                0x00000000200001d0                __lock___atexit_recursive_mutex
                0x00000000200001d1                __lock___arc4random_mutex
                0x00000000200001d2                __lock___env_recursive_mutex
                0x00000000200001d3                __lock___sinit_recursive_mutex
                0x00000000200001d4                __lock___malloc_recursive_mutex
                0x00000000200001d5                __lock___at_quick_exit_mutex
                0x00000000200001d6                __lock___dd_hash_mutex
                0x00000000200001d7                __lock___tz_mutex
                0x00000000200001d8                __lock___sfp_recursive_mutex
 *fill*         0x00000000200001d9        0x3 
 COMMON         0x00000000200001dc        0x4 c:/program files/stmicroelectronics/stm32cube/stm32cubeide_1.8.0/stm32cubeide/plugins/com.st.stm32cube.ide.mcu.externaltools.gnu-tools-for-stm32.9-2020-q2-update.win32_2.0.0.202105311346/tools/bin/../lib/gcc/arm-none-eabi/9.3.1/../../../../arm-none-eabi/lib/thumb/v7-m/nofp\libc_nano.a(lib_a-reent.o)
                0x00000000200001dc                errno
                0x00000000200001e0                . = ALIGN (0x4)
                0x00000000200001e0                _ebss = .
                0x00000000200001e0                __bss_end__ = _ebss

._user_heap_stack
                0x00000000200001e0      0x600 load address 0x0000000008009078
                0x00000000200001e0                . = ALIGN (0x8)
                [!provide]                        PROVIDE (end = .)
                0x00000000200001e0                PROVIDE (_end = .)
                0x00000000200003e0                . = (. + _Min_Heap_Size)
 *fill*         0x00000000200001e0      0x200 
                0x00000000200007e0                . = (. + _Min_Stack_Size)
 *fill*         0x00000000200003e0      0x400 
                0x00000000200007e0                . = ALIGN (0x8)

/DISCARD/
 libc.a(*)
 libm.a(*)
 libgcc.a(*)

.ARM.attributes
                0x0000000000000000       0x29
 *(.ARM.attributes)
 .ARM.attributes
                0x0000000000000000       0x1d c:/program files/stmicroelectronics/stm32cube/stm32cubeide_1.8.0/stm32cubeide/plugins/com.st.stm32cube.ide.mcu.externaltools.gnu-tools-for-stm32.9-2020-q2-update.win32_2.0.0.202105311346/tools/bin/../lib/gcc/arm-none-eabi/9.3.1/thumb/v7-m/nofp/crti.o
 .ARM.attributes
                0x000000000000001d       0x2d c:/program files/stmicroelectronics/stm32cube/stm32cubeide_1.8.0/stm32cubeide/plugins/com.st.stm32cube.ide.mcu.externaltools.gnu-tools-for-stm32.9-2020-q2-update.win32_2.0.0.202105311346/tools/bin/../lib/gcc/arm-none-eabi/9.3.1/thumb/v7-m/nofp/crtbegin.o
 .ARM.attributes
                0x000000000000004a       0x2d ./Core/Src/main.o
 .ARM.attributes
                0x0000000000000077       0x2d ./Core/Src/stm32f1xx_hal_msp.o
 .ARM.attributes
                0x00000000000000a4       0x2d ./Core/Src/stm32f1xx_it.o
 .ARM.attributes
                0x00000000000000d1       0x2d ./Core/Src/syscalls.o
 .ARM.attributes
                0x00000000000000fe       0x2d ./Core/Src/sysmem.o
 .ARM.attributes
                0x000000000000012b       0x2d ./Core/Src/system_stm32f1xx.o
 .ARM.attributes
                0x0000000000000158       0x2d ./Core/Src/MPU9250/MPU9250-DMP.o
 .ARM.attributes
                0x0000000000000185       0x2d ./Core/Src/MPU9250/inv_mpu.o
 .ARM.attributes
                0x00000000000001b2       0x2d ./Core/Src/MPU9250/inv_mpu_dmp_motion_driver.o
 .ARM.attributes
                0x00000000000001df       0x21 ./Core/Startup/startup_stm32f103c8tx.o
 .ARM.attributes
                0x0000000000000200       0x2d ./Drivers/STM32F1xx_HAL_Driver/Src/stm32f1xx_hal.o
 .ARM.attributes
                0x000000000000022d       0x2d ./Drivers/STM32F1xx_HAL_Driver/Src/stm32f1xx_hal_can.o
 .ARM.attributes
                0x000000000000025a       0x2d ./Drivers/STM32F1xx_HAL_Driver/Src/stm32f1xx_hal_cortex.o
 .ARM.attributes
                0x0000000000000287       0x2d ./Drivers/STM32F1xx_HAL_Driver/Src/stm32f1xx_hal_gpio.o
 .ARM.attributes
                0x00000000000002b4       0x2d ./Drivers/STM32F1xx_HAL_Driver/Src/stm32f1xx_hal_i2c.o
 .ARM.attributes
                0x00000000000002e1       0x2d ./Drivers/STM32F1xx_HAL_Driver/Src/stm32f1xx_hal_rcc.o
 .ARM.attributes
                0x000000000000030e       0x2d c:/program files/stmicroelectronics/stm32cube/stm32cubeide_1.8.0/stm32cubeide/plugins/com.st.stm32cube.ide.mcu.externaltools.gnu-tools-for-stm32.9-2020-q2-update.win32_2.0.0.202105311346/tools/bin/../lib/gcc/arm-none-eabi/9.3.1/../../../../arm-none-eabi/lib/thumb/v7-m/nofp\libm.a(lib_a-wf_asin.o)
 .ARM.attributes
                0x000000000000033b       0x2d c:/program files/stmicroelectronics/stm32cube/stm32cubeide_1.8.0/stm32cubeide/plugins/com.st.stm32cube.ide.mcu.externaltools.gnu-tools-for-stm32.9-2020-q2-update.win32_2.0.0.202105311346/tools/bin/../lib/gcc/arm-none-eabi/9.3.1/../../../../arm-none-eabi/lib/thumb/v7-m/nofp\libm.a(lib_a-wf_atan2.o)
 .ARM.attributes
                0x0000000000000368       0x2d c:/program files/stmicroelectronics/stm32cube/stm32cubeide_1.8.0/stm32cubeide/plugins/com.st.stm32cube.ide.mcu.externaltools.gnu-tools-for-stm32.9-2020-q2-update.win32_2.0.0.202105311346/tools/bin/../lib/gcc/arm-none-eabi/9.3.1/../../../../arm-none-eabi/lib/thumb/v7-m/nofp\libm.a(lib_a-ef_asin.o)
 .ARM.attributes
                0x0000000000000395       0x2d c:/program files/stmicroelectronics/stm32cube/stm32cubeide_1.8.0/stm32cubeide/plugins/com.st.stm32cube.ide.mcu.externaltools.gnu-tools-for-stm32.9-2020-q2-update.win32_2.0.0.202105311346/tools/bin/../lib/gcc/arm-none-eabi/9.3.1/../../../../arm-none-eabi/lib/thumb/v7-m/nofp\libm.a(lib_a-ef_atan2.o)
 .ARM.attributes
                0x00000000000003c2       0x2d c:/program files/stmicroelectronics/stm32cube/stm32cubeide_1.8.0/stm32cubeide/plugins/com.st.stm32cube.ide.mcu.externaltools.gnu-tools-for-stm32.9-2020-q2-update.win32_2.0.0.202105311346/tools/bin/../lib/gcc/arm-none-eabi/9.3.1/../../../../arm-none-eabi/lib/thumb/v7-m/nofp\libm.a(lib_a-ef_sqrt.o)
 .ARM.attributes
                0x00000000000003ef       0x2d c:/program files/stmicroelectronics/stm32cube/stm32cubeide_1.8.0/stm32cubeide/plugins/com.st.stm32cube.ide.mcu.externaltools.gnu-tools-for-stm32.9-2020-q2-update.win32_2.0.0.202105311346/tools/bin/../lib/gcc/arm-none-eabi/9.3.1/../../../../arm-none-eabi/lib/thumb/v7-m/nofp\libm.a(lib_a-s_lib_ver.o)
 .ARM.attributes
                0x000000000000041c       0x2d c:/program files/stmicroelectronics/stm32cube/stm32cubeide_1.8.0/stm32cubeide/plugins/com.st.stm32cube.ide.mcu.externaltools.gnu-tools-for-stm32.9-2020-q2-update.win32_2.0.0.202105311346/tools/bin/../lib/gcc/arm-none-eabi/9.3.1/../../../../arm-none-eabi/lib/thumb/v7-m/nofp\libm.a(lib_a-sf_atan.o)
 .ARM.attributes
                0x0000000000000449       0x2d c:/program files/stmicroelectronics/stm32cube/stm32cubeide_1.8.0/stm32cubeide/plugins/com.st.stm32cube.ide.mcu.externaltools.gnu-tools-for-stm32.9-2020-q2-update.win32_2.0.0.202105311346/tools/bin/../lib/gcc/arm-none-eabi/9.3.1/../../../../arm-none-eabi/lib/thumb/v7-m/nofp\libm.a(lib_a-sf_fabs.o)
 .ARM.attributes
                0x0000000000000476       0x2d c:/program files/stmicroelectronics/stm32cube/stm32cubeide_1.8.0/stm32cubeide/plugins/com.st.stm32cube.ide.mcu.externaltools.gnu-tools-for-stm32.9-2020-q2-update.win32_2.0.0.202105311346/tools/bin/../lib/gcc/arm-none-eabi/9.3.1/../../../../arm-none-eabi/lib/thumb/v7-m/nofp\libm.a(lib_a-sf_nan.o)
 .ARM.attributes
                0x00000000000004a3       0x2d c:/program files/stmicroelectronics/stm32cube/stm32cubeide_1.8.0/stm32cubeide/plugins/com.st.stm32cube.ide.mcu.externaltools.gnu-tools-for-stm32.9-2020-q2-update.win32_2.0.0.202105311346/tools/bin/../lib/gcc/arm-none-eabi/9.3.1/../../../../arm-none-eabi/lib/thumb/v7-m/nofp\libc_nano.a(lib_a-errno.o)
 .ARM.attributes
                0x00000000000004d0       0x2d c:/program files/stmicroelectronics/stm32cube/stm32cubeide_1.8.0/stm32cubeide/plugins/com.st.stm32cube.ide.mcu.externaltools.gnu-tools-for-stm32.9-2020-q2-update.win32_2.0.0.202105311346/tools/bin/../lib/gcc/arm-none-eabi/9.3.1/../../../../arm-none-eabi/lib/thumb/v7-m/nofp\libc_nano.a(lib_a-impure.o)
 .ARM.attributes
                0x00000000000004fd       0x2d c:/program files/stmicroelectronics/stm32cube/stm32cubeide_1.8.0/stm32cubeide/plugins/com.st.stm32cube.ide.mcu.externaltools.gnu-tools-for-stm32.9-2020-q2-update.win32_2.0.0.202105311346/tools/bin/../lib/gcc/arm-none-eabi/9.3.1/../../../../arm-none-eabi/lib/thumb/v7-m/nofp\libc_nano.a(lib_a-init.o)
 .ARM.attributes
                0x000000000000052a       0x2d c:/program files/stmicroelectronics/stm32cube/stm32cubeide_1.8.0/stm32cubeide/plugins/com.st.stm32cube.ide.mcu.externaltools.gnu-tools-for-stm32.9-2020-q2-update.win32_2.0.0.202105311346/tools/bin/../lib/gcc/arm-none-eabi/9.3.1/../../../../arm-none-eabi/lib/thumb/v7-m/nofp\libc_nano.a(lib_a-memcmp.o)
 .ARM.attributes
                0x0000000000000557       0x2d c:/program files/stmicroelectronics/stm32cube/stm32cubeide_1.8.0/stm32cubeide/plugins/com.st.stm32cube.ide.mcu.externaltools.gnu-tools-for-stm32.9-2020-q2-update.win32_2.0.0.202105311346/tools/bin/../lib/gcc/arm-none-eabi/9.3.1/../../../../arm-none-eabi/lib/thumb/v7-m/nofp\libc_nano.a(lib_a-memset.o)
 .ARM.attributes
                0x0000000000000584       0x2d c:/program files/stmicroelectronics/stm32cube/stm32cubeide_1.8.0/stm32cubeide/plugins/com.st.stm32cube.ide.mcu.externaltools.gnu-tools-for-stm32.9-2020-q2-update.win32_2.0.0.202105311346/tools/bin/../lib/gcc/arm-none-eabi/9.3.1/../../../../arm-none-eabi/lib/thumb/v7-m/nofp\libc_nano.a(lib_a-puts.o)
 .ARM.attributes
                0x00000000000005b1       0x2d c:/program files/stmicroelectronics/stm32cube/stm32cubeide_1.8.0/stm32cubeide/plugins/com.st.stm32cube.ide.mcu.externaltools.gnu-tools-for-stm32.9-2020-q2-update.win32_2.0.0.202105311346/tools/bin/../lib/gcc/arm-none-eabi/9.3.1/../../../../arm-none-eabi/lib/thumb/v7-m/nofp\libc_nano.a(lib_a-wbuf.o)
 .ARM.attributes
                0x00000000000005de       0x2d c:/program files/stmicroelectronics/stm32cube/stm32cubeide_1.8.0/stm32cubeide/plugins/com.st.stm32cube.ide.mcu.externaltools.gnu-tools-for-stm32.9-2020-q2-update.win32_2.0.0.202105311346/tools/bin/../lib/gcc/arm-none-eabi/9.3.1/../../../../arm-none-eabi/lib/thumb/v7-m/nofp\libc_nano.a(lib_a-wsetup.o)
 .ARM.attributes
                0x000000000000060b       0x2d c:/program files/stmicroelectronics/stm32cube/stm32cubeide_1.8.0/stm32cubeide/plugins/com.st.stm32cube.ide.mcu.externaltools.gnu-tools-for-stm32.9-2020-q2-update.win32_2.0.0.202105311346/tools/bin/../lib/gcc/arm-none-eabi/9.3.1/../../../../arm-none-eabi/lib/thumb/v7-m/nofp\libc_nano.a(lib_a-fflush.o)
 .ARM.attributes
                0x0000000000000638       0x2d c:/program files/stmicroelectronics/stm32cube/stm32cubeide_1.8.0/stm32cubeide/plugins/com.st.stm32cube.ide.mcu.externaltools.gnu-tools-for-stm32.9-2020-q2-update.win32_2.0.0.202105311346/tools/bin/../lib/gcc/arm-none-eabi/9.3.1/../../../../arm-none-eabi/lib/thumb/v7-m/nofp\libc_nano.a(lib_a-findfp.o)
 .ARM.attributes
                0x0000000000000665       0x2d c:/program files/stmicroelectronics/stm32cube/stm32cubeide_1.8.0/stm32cubeide/plugins/com.st.stm32cube.ide.mcu.externaltools.gnu-tools-for-stm32.9-2020-q2-update.win32_2.0.0.202105311346/tools/bin/../lib/gcc/arm-none-eabi/9.3.1/../../../../arm-none-eabi/lib/thumb/v7-m/nofp\libc_nano.a(lib_a-fwalk.o)
 .ARM.attributes
                0x0000000000000692       0x2d c:/program files/stmicroelectronics/stm32cube/stm32cubeide_1.8.0/stm32cubeide/plugins/com.st.stm32cube.ide.mcu.externaltools.gnu-tools-for-stm32.9-2020-q2-update.win32_2.0.0.202105311346/tools/bin/../lib/gcc/arm-none-eabi/9.3.1/../../../../arm-none-eabi/lib/thumb/v7-m/nofp\libc_nano.a(lib_a-lock.o)
 .ARM.attributes
                0x00000000000006bf       0x2d c:/program files/stmicroelectronics/stm32cube/stm32cubeide_1.8.0/stm32cubeide/plugins/com.st.stm32cube.ide.mcu.externaltools.gnu-tools-for-stm32.9-2020-q2-update.win32_2.0.0.202105311346/tools/bin/../lib/gcc/arm-none-eabi/9.3.1/../../../../arm-none-eabi/lib/thumb/v7-m/nofp\libc_nano.a(lib_a-makebuf.o)
 .ARM.attributes
                0x00000000000006ec       0x2d c:/program files/stmicroelectronics/stm32cube/stm32cubeide_1.8.0/stm32cubeide/plugins/com.st.stm32cube.ide.mcu.externaltools.gnu-tools-for-stm32.9-2020-q2-update.win32_2.0.0.202105311346/tools/bin/../lib/gcc/arm-none-eabi/9.3.1/../../../../arm-none-eabi/lib/thumb/v7-m/nofp\libc_nano.a(lib_a-nano-freer.o)
 .ARM.attributes
                0x0000000000000719       0x2d c:/program files/stmicroelectronics/stm32cube/stm32cubeide_1.8.0/stm32cubeide/plugins/com.st.stm32cube.ide.mcu.externaltools.gnu-tools-for-stm32.9-2020-q2-update.win32_2.0.0.202105311346/tools/bin/../lib/gcc/arm-none-eabi/9.3.1/../../../../arm-none-eabi/lib/thumb/v7-m/nofp\libc_nano.a(lib_a-nano-mallocr.o)
 .ARM.attributes
                0x0000000000000746       0x2d c:/program files/stmicroelectronics/stm32cube/stm32cubeide_1.8.0/stm32cubeide/plugins/com.st.stm32cube.ide.mcu.externaltools.gnu-tools-for-stm32.9-2020-q2-update.win32_2.0.0.202105311346/tools/bin/../lib/gcc/arm-none-eabi/9.3.1/../../../../arm-none-eabi/lib/thumb/v7-m/nofp\libc_nano.a(lib_a-sbrkr.o)
 .ARM.attributes
                0x0000000000000773       0x2d c:/program files/stmicroelectronics/stm32cube/stm32cubeide_1.8.0/stm32cubeide/plugins/com.st.stm32cube.ide.mcu.externaltools.gnu-tools-for-stm32.9-2020-q2-update.win32_2.0.0.202105311346/tools/bin/../lib/gcc/arm-none-eabi/9.3.1/../../../../arm-none-eabi/lib/thumb/v7-m/nofp\libc_nano.a(lib_a-stdio.o)
 .ARM.attributes
                0x00000000000007a0       0x2d c:/program files/stmicroelectronics/stm32cube/stm32cubeide_1.8.0/stm32cubeide/plugins/com.st.stm32cube.ide.mcu.externaltools.gnu-tools-for-stm32.9-2020-q2-update.win32_2.0.0.202105311346/tools/bin/../lib/gcc/arm-none-eabi/9.3.1/../../../../arm-none-eabi/lib/thumb/v7-m/nofp\libc_nano.a(lib_a-writer.o)
 .ARM.attributes
                0x00000000000007cd       0x2d c:/program files/stmicroelectronics/stm32cube/stm32cubeide_1.8.0/stm32cubeide/plugins/com.st.stm32cube.ide.mcu.externaltools.gnu-tools-for-stm32.9-2020-q2-update.win32_2.0.0.202105311346/tools/bin/../lib/gcc/arm-none-eabi/9.3.1/../../../../arm-none-eabi/lib/thumb/v7-m/nofp\libc_nano.a(lib_a-closer.o)
 .ARM.attributes
                0x00000000000007fa       0x2d c:/program files/stmicroelectronics/stm32cube/stm32cubeide_1.8.0/stm32cubeide/plugins/com.st.stm32cube.ide.mcu.externaltools.gnu-tools-for-stm32.9-2020-q2-update.win32_2.0.0.202105311346/tools/bin/../lib/gcc/arm-none-eabi/9.3.1/../../../../arm-none-eabi/lib/thumb/v7-m/nofp\libc_nano.a(lib_a-fstatr.o)
 .ARM.attributes
                0x0000000000000827       0x2d c:/program files/stmicroelectronics/stm32cube/stm32cubeide_1.8.0/stm32cubeide/plugins/com.st.stm32cube.ide.mcu.externaltools.gnu-tools-for-stm32.9-2020-q2-update.win32_2.0.0.202105311346/tools/bin/../lib/gcc/arm-none-eabi/9.3.1/../../../../arm-none-eabi/lib/thumb/v7-m/nofp\libc_nano.a(lib_a-isattyr.o)
 .ARM.attributes
                0x0000000000000854       0x2d c:/program files/stmicroelectronics/stm32cube/stm32cubeide_1.8.0/stm32cubeide/plugins/com.st.stm32cube.ide.mcu.externaltools.gnu-tools-for-stm32.9-2020-q2-update.win32_2.0.0.202105311346/tools/bin/../lib/gcc/arm-none-eabi/9.3.1/../../../../arm-none-eabi/lib/thumb/v7-m/nofp\libc_nano.a(lib_a-lseekr.o)
 .ARM.attributes
                0x0000000000000881       0x2d c:/program files/stmicroelectronics/stm32cube/stm32cubeide_1.8.0/stm32cubeide/plugins/com.st.stm32cube.ide.mcu.externaltools.gnu-tools-for-stm32.9-2020-q2-update.win32_2.0.0.202105311346/tools/bin/../lib/gcc/arm-none-eabi/9.3.1/../../../../arm-none-eabi/lib/thumb/v7-m/nofp\libc_nano.a(lib_a-mlock.o)
 .ARM.attributes
                0x00000000000008ae       0x2d c:/program files/stmicroelectronics/stm32cube/stm32cubeide_1.8.0/stm32cubeide/plugins/com.st.stm32cube.ide.mcu.externaltools.gnu-tools-for-stm32.9-2020-q2-update.win32_2.0.0.202105311346/tools/bin/../lib/gcc/arm-none-eabi/9.3.1/../../../../arm-none-eabi/lib/thumb/v7-m/nofp\libc_nano.a(lib_a-readr.o)
 .ARM.attributes