inv_mpu_dmp_motion_driver.c:476:5:dmp_load_motion_driver_firmware	8	static
inv_mpu_dmp_motion_driver.c:489:5:dmp_set_orientation	40	static
inv_mpu_dmp_motion_driver.c:544:5:dmp_set_gyro_bias	32	static
inv_mpu_dmp_motion_driver.c:596:5:dmp_set_accel_bias	56	static
inv_mpu_dmp_motion_driver.c:648:5:dmp_set_fifo_rate	40	static
inv_mpu_dmp_motion_driver.c:674:5:dmp_get_fifo_rate	16	static
inv_mpu_dmp_motion_driver.c:686:5:dmp_set_tap_thresh	32	static
inv_mpu_dmp_motion_driver.c:752:5:dmp_set_tap_axes	24	static
inv_mpu_dmp_motion_driver.c:770:5:dmp_set_tap_count	24	static
inv_mpu_dmp_motion_driver.c:788:5:dmp_set_tap_time	24	static
inv_mpu_dmp_motion_driver.c:804:5:dmp_set_tap_time_multi	24	static
inv_mpu_dmp_motion_driver.c:822:5:dmp_set_shake_reject_thresh	24	static
inv_mpu_dmp_motion_driver.c:841:5:dmp_set_shake_reject_time	24	static
inv_mpu_dmp_motion_driver.c:859:5:dmp_set_shake_reject_timeout	24	static
inv_mpu_dmp_motion_driver.c:874:5:dmp_get_pedometer_step_count	24	static
inv_mpu_dmp_motion_driver.c:895:5:dmp_set_pedometer_step_count	24	static
inv_mpu_dmp_motion_driver.c:911:5:dmp_get_pedometer_walk_time	24	static
inv_mpu_dmp_motion_driver.c:931:5:dmp_set_pedometer_walk_time	24	static
inv_mpu_dmp_motion_driver.c:961:5:dmp_enable_feature	32	static
inv_mpu_dmp_motion_driver.c:1083:5:dmp_get_enabled_features	16	static
inv_mpu_dmp_motion_driver.c:1098:5:dmp_enable_gyro_cal	40	static
inv_mpu_dmp_motion_driver.c:1116:5:dmp_enable_lp_quat	24	static
inv_mpu_dmp_motion_driver.c:1140:5:dmp_enable_6x_lp_quat	24	static
inv_mpu_dmp_motion_driver.c:1161:12:decode_gesture	24	static
inv_mpu_dmp_motion_driver.c:1193:5:dmp_set_interrupt_mode	40	static
inv_mpu_dmp_motion_driver.c:1232:5:dmp_read_fifo	80	static
inv_mpu_dmp_motion_driver.c:1325:5:dmp_register_tap_cb	16	static
inv_mpu_dmp_motion_driver.c:1336:5:dmp_register_android_orient_cb	16	static
