cmath:106:3:constexpr float std::asin(float)	16	static
cmath:144:3:constexpr float std::atan2(float, float)	16	static
main.cpp:78:5:int main()	176	static
main.cpp:213:6:void SystemClock_Config()	72	static
main.cpp:252:13:void MX_CAN_Init()	8	static
main.cpp:289:13:void MX_I2C2_Init()	8	static
main.cpp:323:13:void MX_GPIO_Init()	40	static
main.cpp:345:19:HAL_StatusTypeDef I2C_write(uint8_t, uint8_t, uint8_t, uint8_t*)	32	static
main.cpp:351:19:HAL_StatusTypeDef I2C_read(uint8_t, uint8_t, uint8_t, uint8_t*)	32	static
main.cpp:362:6:void Error_Handler()	4	static,ignoring_inline_asm
